06-17 08:16:58.805   793  1066 I hash_map_utils: key: 'vr_audio_mode_on' value: ''
06-17 08:16:58.805   793  1066 I AudioPolicyManagerCustom: VR mode is 0, switch to primary output if request is for fast|raw
06-17 08:16:58.806   793  1066 W AudioFlinger: createTrack_l(): mismatch between requested flags (00000104) and output flags (00000006)
06-17 08:16:58.806   793  1066 D AudioFlinger: Client defaulted notificationFrames to 192 for frameCount 384
06-17 08:16:58.808  2039  2039 D VrRuntimeService: onForegroundActivitiesChanged: pid=2483, uid=10013, hasForegroundActivities=false
06-17 08:16:58.809   793  1066 D AF::TrackHandle: OpPlayAudio: track:246 uid:10020 pkg:com.oculus.vrshell usage:1 muted
06-17 08:16:58.810   773  1197 D audio_hw_primary: start_output_stream: enter: stream(0xe879d000)usecase(1: low-latency-playback) devices(0x2) is_haptic_usecase(0)
06-17 08:16:58.810   773  1197 D audio_hw_primary: select_devices for use case (low-latency-playback)
06-17 08:16:58.810   773  1197 I msm8974_platform: platform_check_and_set_codec_backend_cfg:becf: afe: bitwidth 16, samplerate 48000 channels 2, backend_idx 0 usecase = 1 device (speaker)
06-17 08:16:58.810   773  1197 D msm8974_platform: platform_split_snd_device: snd_device(2) num devices(1) new_snd_devices(0)
06-17 08:16:58.810   773  1197 I msm8974_platform: platform_check_and_set_codec_backend_cfg: new_snd_devices[0] is 2
06-17 08:16:58.810   773  1197 I msm8974_platform: platform_check_codec_backend_cfg:becf: afe: bitwidth 16, samplerate 48000 channels 2, backend_idx 0 usecase = 1 device (speaker)
06-17 08:16:58.810  2535  2728 I AudioTrack: createTrack_l(199): AUDIO_OUTPUT_FLAG_FAST successful; frameCount 0 -> 384
06-17 08:16:58.811   773  1197 D audio_hw_extn: audio_extn_enable_hifi_filter: mixer_value set 0
06-17 08:16:58.811   773  1197 D msm8974_platform: platform_check_codec_backend_cfg:becf: updated afe: bitwidth 16, samplerate 48000 channels 2,backend_idx 0 usecase = 1 device (speaker)
06-17 08:16:58.811   773  1197 D msm8974_platform: platform_check_codec_backend_cfg:becf: afe: playback on codec device not supporting native playback set default Sample Rate(48k)
06-17 08:16:58.811   773  1197 I msm8974_platform: platform_check_codec_backend_cfg:becf: afe: Codec selected backend: 0 updated bit width: 16 and sample rate: 48000
06-17 08:16:58.811   773  1197 D audio_hw_primary: check_usecases_codec_backend:becf: force routing 0
06-17 08:16:58.811   773  1197 E msm8974_platform: platform_check_backends_match: Invalid snd_device = 
06-17 08:16:58.811   773  1197 D audio_hw_primary: check_usecases_codec_backend:becf: (75) check_usecases curr device: speaker, usecase device: backends match 0
06-17 08:16:58.811   773  1197 D audio_hw_primary: check_usecases_codec_backend:becf: check_usecases num.of Usecases to switch 0
06-17 08:16:58.811   773  1197 D hardware_info: hw_info_append_hw_type : device_name = speaker
06-17 08:16:58.811   773  1197 D msm8974_platform: platform_split_snd_device: snd_device(2) num devices(0) new_snd_devices(0)
06-17 08:16:58.811   773  1197 D audio_hw_primary: enable_snd_device: snd_device(2: speaker)
06-17 08:16:58.811   773  1197 D audio_route: Apply path: speaker
06-17 08:16:58.814  1357  1357 V AvrcpMediaPlayerList: onPlaybackConfigChanged(): Configs list size=4
06-17 08:16:58.817   773  1197 I audio_hw_utils: audio_extn_utils_update_stream_output_app_type_cfg Allowing 24 and above bits playback on speaker ONLY at default sampling rate
06-17 08:16:58.817   773  1197 D audio_hw_utils: audio_extn_utils_send_app_type_cfg: usecase->out_snd_device speaker
06-17 08:16:58.817   773  1197 D msm8974_platform: platform_split_snd_device: snd_device(2) num devices(0) new_snd_devices(0)
06-17 08:16:58.817   773  1197 D audio_hw_utils: audio_extn_btsco_get_sample_rate:Not a BT SCO device, need not update sampling rate
06-17 08:16:58.817   773  1197 I audio_hw_utils: send_app_type_cfg_for_device PLAYBACK app_type 69943, acdb_dev_id 15, sample_rate 48000, snd_device_be_idx 43
06-17 08:16:58.817  2535  2728 D [SEO] ShellApplication: requestAudioFocus, transientFocus=false
06-17 08:16:58.817  2535  2728 W AudioManager: Use of stream types is deprecated for operations other than volume control
06-17 08:16:58.817   773  1197 D msm8974_platform: platform_split_snd_device: snd_device(2) num devices(1) new_snd_devices(0)
06-17 08:16:58.817   773  1197 D audio_hw_utils: audio_extn_btsco_get_sample_rate:Not a BT SCO device, need not update sampling rate
06-17 08:16:58.817  2535  2728 W AudioManager: See the documentation of requestAudioFocus() for what to use instead with android.media.AudioAttributes to qualify your playback use case
06-17 08:16:58.817   773  1197 D ACDB-LOADER: ACDB -> send_audio_cal, acdb_id = 15, path = 0, app id = 0x11137, sample rate = 48000, afe_sample_rate = 48000
06-17 08:16:58.817   773  1197 D ACDB-LOADER: ACDB -> send_asm_topology
06-17 08:16:58.817   773  1197 D ACDB-LOADER: ACDB -> ACDB_CMD_GET_AUDPROC_STREAM_TOPOLOGY_ID
06-17 08:16:58.817   773  1197 D ACDB-LOADER: ACDB -> send_adm_topology
06-17 08:16:58.817   773  1197 D ACDB-LOADER: ACDB -> ACDB_CMD_GET_AUDPROC_COMMON_TOPOLOGY_ID
06-17 08:16:58.817   773  1197 D ACDB-LOADER: ACDB -> send_audtable
06-17 08:16:58.817   773  1197 D ACDB-LOADER: ACDB -> ACDB_CMD_GET_AUDPROC_INSTANCE_COMMON_TABLE_SIZE
06-17 08:16:58.817   773  1197 D ACDB-LOADER: ACDB -> ACDB_CMD_GET_AUDPROC_INSTANCE_COMMON_TABLE
06-17 08:16:58.817   773  1197 D ACDB-LOADER: ACDB -> AUDIO_SET_AUDPROC_CAL cal_type[11] acdb_id[15] app_type[69943]
06-17 08:16:58.817   773  1197 D ACDB-LOADER: ACDB -> ACDB_CMD_GET_PERSISTENT_AUDPROC_INSTANCE_COMMON_TABLE_SIZE
06-17 08:16:58.817   773  1197 D         : ACDBFILE_MGR: Property for the pid 000133B7 not found
06-17 08:16:58.817   773  1197 I chatty  : uid=1041(audioserver) writer identical 1 line
06-17 08:16:58.817   773  1197 D         : ACDBFILE_MGR: Property for the pid 000133B7 not found
06-17 08:16:58.817   773  1197 D         : [Data Manager]-> No data found
06-17 08:16:58.817   773  1197 D ACDB-LOADER: Error: ACDB_CMD_GET_PERSISTENT_AUDPROC_INSTANCE_COMMON_TABLE_SIZE returned -18
06-17 08:16:58.817   773  1197 D ACDB-LOADER: ACDB -> send_audproc_persist_table -18 
06-17 08:16:58.817   773  1197 D ACDB-LOADER: Error: Invalid Audproc persist size = -18
06-17 08:16:58.817   773  1197 D ACDB-LOADER: ACDB -> send_audvoltable
06-17 08:16:58.817   773  1197 D ACDB-LOADER: ACDB -> ACDB_CMD_GET_AUDPROC_INSTANCE_GAIN_DEP_STEP_TABLE_SIZE
06-17 08:16:58.817   773  1197 D ACDB-LOADER: ACDB -> ACDB_CMD_GET_AUDPROC_INSTANCE_GAIN_DEP_STEP_TABLE, vol index 1
06-17 08:16:58.817   773  1197 D ACDB-LOADER: ACDB -> AUDIO_SET_VOL_CAL cal type = 12
06-17 08:16:58.817   773  1197 D ACDB-LOADER: ACDB -> ACDB_CMD_GET_AUDPROC_INSTANCE_STREAM_TABLE_SIZE
06-17 08:16:58.817   773  1197 D ACDB-LOADER: ACDB -> send_audstrmtable
06-17 08:16:58.818   773  1197 D ACDB-LOADER: ACDB -> ACDB_CMD_GET_AUDPROC_INSTANCE_STREAM_TABLE
06-17 08:16:58.818   773  1197 D ACDB-LOADER: ACDB -> audstrm_cal->cal_type.cal_data.cal_size = 20
06-17 08:16:58.818   773  1197 D ACDB-LOADER: ACDB -> send_afe_topology
06-17 08:16:58.818   773  1197 D ACDB-LOADER: ACDB -> ACDB_CMD_GET_AFE_TOPOLOGY_ID
06-17 08:16:58.818   773  1197 D ACDB-LOADER: ACDB -> GET_AFE_TOPOLOGY_ID for adcd_id 15, Topology Id 112fc
06-17 08:16:58.818   773  1197 D ACDB-LOADER: ACDB -> send_afe_cal
06-17 08:16:58.818   773  1197 D ACDB-LOADER: ACDB -> ACDB_CMD_GET_AFE_INSTANCE_COMMON_TABLE_SIZE
06-17 08:16:58.818   773  1197 D         : Failed to fetch the lookup information of the device 0000000F 
06-17 08:16:58.818   773  1197 D ACDB-LOADER: Error: ACDB_CMD_GET_AFE_INSTANCE_COMMON_TABLE_SIZE Returned = -19
06-17 08:16:58.818   773  1197 D ACDB-LOADER: ACDB -> ACDB_CMD_GET_AFE_INSTANCE_COMMON_TABLE
06-17 08:16:58.818   773  1197 D         : Failed to fetch the lookup information of the device 0000000F 
06-17 08:16:58.818   773  1197 D ACDB-LOADER: Error: ACDB AFE returned = -19
06-17 08:16:58.818   773  1197 D ACDB-LOADER: ACDB -> AUDIO_SET_AFE_CAL cal_type[16] acdb_id[15]
06-17 08:16:58.818   773  1197 D ACDB-LOADER: ACDB -> send_hw_delay : acdb_id = 15 path = 0
06-17 08:16:58.818   773  1197 D ACDB-LOADER: ACDB -> ACDB_AVSYNC_INFO: ACDB_CMD_GET_DEVICE_PROPERTY
06-17 08:16:58.818   773  1197 D msm8974_platform: platform_split_snd_device: snd_device(2) num devices(0) new_snd_devices(0)
06-17 08:16:58.818   773  1197 I msm8974_platform: platform_get_custom_mtmx_params: no matching param with id 0 ip_ch 2 op_ch 2 uc_id 1 snd_dev 2
06-17 08:16:58.818   773  1197 D audio_hw_primary: enable_audio_route: apply mixer and update path: low-latency-playback
06-17 08:16:58.818   773  1197 D audio_route: Apply path: low-latency-playback
06-17 08:16:58.818  1082  4430 I MediaFocusControl: requestAudioFocus() from uid/pid 10020/2535 clientId=android.media.AudioManager@7c38fcacom.oculus.vrshell.ShellAudioFocusHandler@44ff53b callingPack=com.oculus.vrshell req=1 flags=0x0 sdk=29
06-17 08:16:58.818   773  1197 D audio_hw_primary: select_devices: done
06-17 08:16:58.818  2535  2728 I [OAR] AudioSystem: Got audio focus : 1
06-17 08:16:58.818  2535  2728 I [OAR] VrShellDesktopBase: Foreground desktop
06-17 08:16:58.818  2535  2728 I [OAR] VrShellDesktopBase: Foregrounding com.oculus.explore/com.oculus.explore.PanelService:10
06-17 08:16:58.818  2535  2728 I [OAR] PanelAppHost: Panel app 10 (com.oculus.explore/com.oculus.explore.PanelService) changing state from background to foreground
06-17 08:16:58.818  2535  2728 I [OAR] PanelAppHost: Notify OS about panel state foreground for component com.oculus.explore/com.oculus.explore.PanelService, package com.oculus.explore, service com.oculus.explore.PanelService for panel 10
06-17 08:16:58.818  2535  2728 D [SEO] ShellApplication: notify OS to set com.oculus.explore/com.oculus.explore.PanelService to FOREGROUND
06-17 08:16:58.819  2535  2728 I [OAR] SystemUXController: Recentering for launch - None, , 
06-17 08:16:58.819  2535  2728 I [OAR] LocalSpace: ResetNextFrame
06-17 08:16:58.819  2535  2728 I [OAR] GuardianController: auiPanel == nullptr
06-17 08:16:58.819  2535  2728 I [OAR] SystemAssistant: OnModeChanged from ImmersiveAppFocused to FullShell
06-17 08:16:58.819  2535  2728 I [OAR] TaskBarSpacePanelController: EnterVrMode(offsetPitch 0.000000 radians, offsetYaw 0.000000 radians)
06-17 08:16:58.819  2535  2728 I [OAR] LocalSpace: EnterVrMode: Setting local pose state.
06-17 08:16:58.821  2535  2728 I [OAR] InputManager: LoadKeyboards()
06-17 08:16:58.824  2535  2728 I VrApi   : Received ovrRuntime event 2
06-17 08:16:58.824  2535  2728 I VrApi   : Received ovrRuntime event 4
06-17 08:16:58.824  2535 28954 I FenceChecker: FenceChecker::MainLoop - started
06-17 08:16:58.833 12731 12731 W PartyNativeModuleManager: Calling nativeTearDown but native code wasn't initialized. Noop.
06-17 08:16:58.840   773  1197 D msm8974_platform: platform_set_channel_map mixer_ctl_name:Playback Channel Map9
06-17 08:16:58.840   773  1197 D msm8974_platform: platform_set_channel_map: set mapping(1 2 0 0 0 0 0 0) for channel:2
06-17 08:16:58.841   773  1197 D audio_hw_primary: start_output_stream: exit
06-17 08:16:58.843  2483  2521 I Clay    : Updating tracking space to: 1
06-17 08:16:58.853  2535  2728 W FrameQueue: MakeNonblockingRequest: request for frame 14226 is still invalid for com.oculus.vrshell after 25 tries.
06-17 08:16:58.853  2535  2728 W VrRuntimeClient: WarpSwap: MakeRequest failed
06-17 08:16:58.854  2535  2728 I [OAR] ShellApp: 0xcaa2cbe0 msg: pause
06-17 08:16:58.854  2535  2728 I [OAR] ShellApp: ShellApp::LeaveVrMode()
06-17 08:16:58.854  2535  2728 I [OAR] PanelAppHost: OnBackground
06-17 08:16:58.854  2535  2728 I [OAR] PanelAppHost: Panel app 10 (com.oculus.explore/com.oculus.explore.PanelService) changing state from foreground to background
06-17 08:16:58.854  2535  2728 I [OAR] PanelAppHost: Notify OS about panel state background for component com.oculus.explore/com.oculus.explore.PanelService, package com.oculus.explore, service com.oculus.explore.PanelService for panel 10
06-17 08:16:58.854  2535  2728 D [SEO] ShellApplication: notify OS to set com.oculus.explore/com.oculus.explore.PanelService to BACKGROUND
06-17 08:16:58.855  2535  2728 I [OAR] PanelAppHost: com.oculus.explore/com.oculus.explore.PanelService:10 is now backgrounded due to: paused
06-17 08:16:58.855 14684 14729 I RCTVR   : AppState foreground
06-17 08:16:58.856  2535  2728 I [OAR] ShellVideoPlayer: OnPanelBackground: Defocusing for reason=paused
06-17 08:16:58.856  2535  2728 I [OAR] SystemAssistant: OnModeChanged from FullShell to ImmersiveAppFocused
06-17 08:16:58.856  2535  2728 I [OAR] AudioMixer: Disabling AudioPlayer.
06-17 08:16:58.857 14684 14729 I RCTVR   : AppState backgroundReason [paused]
06-17 08:16:58.857 14684 14729 I RCTVR_Shutdown: Initiated webserver shutdown
06-17 08:16:58.857 14684 14729 I RCTVR_Shutdown: Webby shutdown
06-17 08:16:58.857 14684 14729 I RCTVR_Shutdown: AppState went background
06-17 08:16:58.857 14684 14729 I RCTVR_Shutdown: Headset status changed
06-17 08:16:58.877  2535 28953 I [OAR] AudioMixer: Notifying VrThread to shutdown.
06-17 08:16:58.877  2535  2728 I [OAR] AudioMixer: Successful shutdown.
06-17 08:16:58.877  2535  2728 I [OAR] AudioEngine: virtual void AudioLibrary::AudioEngine::DisablePlayer()
06-17 08:16:58.878  2535  2728 I [OAR] AudioEngine: Setting ShuttingDown.
06-17 08:16:58.883 28908 28908 V main-modloader: Deleted: /data/data/com.beatgames.beatsaber/libcodegen_0_8_1.so
06-17 08:16:58.888 28908 28908 V main-modloader: Deleted: /data/data/com.beatgames.beatsaber/libbeatsaber-hook_1_3_5.so
06-17 08:16:58.897  2535 28953 I [OAR] AudioMixer: Notifying VrThread to shutdown.
06-17 08:16:58.897  2535 28953 I [OAR] AudioEngine: Fading final buffer
06-17 08:16:58.917  2535 28953 I [OAR] AudioEngine: Notifying VrThread to shutdown.
06-17 08:16:58.917  2535 28953 D         : PlayerBase::stop() from IPlayer
06-17 08:16:58.917  2535 28953 D AudioTrack: stop(202): called with 2880 frames delivered
06-17 08:16:58.917  2535  2728 I [OAR] AudioEngine: Stopping player
06-17 08:16:58.918  2535  2728 D         : PlayerBase::stop() from IPlayer
06-17 08:16:58.918  1357  1357 V AvrcpMediaPlayerList: onPlaybackConfigChanged(): Configs list size=4
06-17 08:16:58.919  2535  2728 D [SEO] ShellApplication: abandonAudioFocus
06-17 08:16:58.919  1082  4430 I MediaFocusControl: abandonAudioFocus() from uid/pid 10020/2535 clientId=android.media.AudioManager@7c38fcacom.oculus.vrshell.ShellAudioFocusHandler@44ff53b
06-17 08:16:58.919  1357  1357 V AvrcpMediaPlayerList: onPlaybackConfigChanged(): Configs list size=3
06-17 08:16:58.923  2535  2728 I [OAR] TrackedKeyboardDeviceManager: Clearing all tracked keyboards
06-17 08:16:58.923  2535  2728 D [SEO] ShellApplication: setOverlayInputFocus: inputFocus=false shouldSupportIME=false
06-17 08:16:58.923  2039  2385 I ServerProcessConnector: Connection closed: com.beatgames.beatsaber:com.beatgames.beatsaber:26952
06-17 08:16:58.923  2039  2385 D ThreadHelpers: RuntimeIPC: ThreadBase: Shutdown
06-17 08:16:58.923  2535  2728 D [SEO] BaseOverlayService: setOverlayInputFocus : entrypoint - inputFocus=false shouldSupportIME=false
06-17 08:16:58.923  2535  2728 I VrApi   : ---------- vrapi_LeaveVrMode [start] ----------
06-17 08:16:58.923  2535  2535 D [SEO] BaseOverlayService: detachServiceWindowView
06-17 08:16:58.924  2535  2728 D VrApi   : targetSDKVersion 29
06-17 08:16:58.925  2535  2728 I VrRuntimeClient: DEVICE MODEL NUMBER = Quest 2
06-17 08:16:58.925  2535  2728 I VrRuntimeClient: DEVICE HARDWARE = hollywood
06-17 08:16:58.925  2535  2728 I VrRuntimeClient: DEVICE BUILD NAME = user-16476800118700000
06-17 08:16:58.925  2535  2728 I VrRuntimeClient: DEVICE BUILD TYPE = user
06-17 08:16:58.925  2535  2728 I VrRuntimeClient: DEVICE OS VERSION = 10
06-17 08:16:58.925  2535  2728 I VrRuntimeClient: API LOADER VERSION = 1.41.0
06-17 08:16:58.925  2535  2728 I VrRuntimeClient: RUNTIME API VERSION = 1.46.0
06-17 08:16:58.925  2535  2728 I VrRuntimeClient: RUNTIME VERSION = 29.0.0.65.370 May  8 2021 20:13:10 RELEASE
06-17 08:16:58.925  2535  2728 I VrRuntimeClient: APP NAME = Oculus App Runtime
06-17 08:16:58.925  2535  2728 I VrRuntimeClient: APP VERSION = 29.0.0.65.370 versionCode 289987433 internalVersionName 29.0.0.65.370.384025c4a70b 2021_05_08_20_13
06-17 08:16:58.925  2535  2728 I VrRuntimeClient: APP VR TYPE = vr_only
06-17 08:16:58.925  2535  2728 I VrRuntimeClient: APP MODE TYPE = VR
06-17 08:16:58.925  2535  2728 I VrRuntimeClient: APP PACKAGE NAME = com.oculus.vrshell
06-17 08:16:58.925  2535  2728 I VrRuntimeClient: APP ACTIVITY CLASS = com.oculus.os.WindowTokenContext
06-17 08:16:58.926  2535  2728 D BatteryReceiver: Unregistering battery receiver
06-17 08:16:58.926  2535  2728 I Sensor  : OSSDKTRACKING Shutdown tracking
06-17 08:16:58.930 14684 14748 V RCTVR_HERMES: Hermes Mem: numCollections 687, allocatedBytes 26021360, heapSize 28835840, va 28835840, malloc 1419151
06-17 08:16:58.930 14684 14729 I RCTVR_Shutdown: JS synced
06-17 08:16:58.932 14684 14729 D SettingsManagerModuleImpl: Got boolean value false for key "hand_tracking_opt_in"
06-17 08:16:58.932 14684 14729 D QuickPromotionModule: Signal trigger 'app_foreground'.
06-17 08:16:58.932  1684  1684 D OculusNotificationListenerService: Notification removed: 0|android|0|com.android.server.wm.AlertWindowNotification - com.oculus.vrshell|1000
06-17 08:16:58.933 14684 14748 E RCTVR_HERMES: [error]: 'QuickPromotions', { type: 'oc_quick_promotion_client_events',
06-17 08:16:58.933 14684 14748 E RCTVR_HERMES:   action_name: 'dropped',
06-17 08:16:58.933 14684 14748 E RCTVR_HERMES:   trigger: 'app_foreground',
06-17 08:16:58.933 14684 14748 E RCTVR_HERMES:   promotion_id: '603810110204466',
06-17 08:16:58.933 14684 14748 E RCTVR_HERMES:   surface_id: 5259,
06-17 08:16:58.933 14684 14748 E RCTVR_HERMES:   message: 'Error in evaluating contextual filters.',
06-17 08:16:58.933 14684 14748 E RCTVR_HERMES:   logging_trace: '{"eligibility_status":"1","qp_status":"Public","qp_start_time":"1607671437","qp_end_time":"4102473600","supports_dark_mode_image":"","uuid":"ca8a3ff6-01e6-4bec-ad36-958c3de0b322","viewer_id":"0","is_hscroll_unit":""}' }
06-17 08:16:58.934 14684 14748 W RCTVR_HERMES: [warn]: 'QuickPromotions', { type: 'oc_quick_promotion_client_events',
06-17 08:16:58.934 14684 14748 W RCTVR_HERMES:   action_name: 'dropped',
06-17 08:16:58.934 14684 14748 W RCTVR_HERMES:   trigger: 'app_foreground',
06-17 08:16:58.934 14684 14748 W RCTVR_HERMES:   promotion_id: '603810110204466',
06-17 08:16:58.934 14684 14748 W RCTVR_HERMES:   surface_id: 5259,
06-17 08:16:58.934 14684 14748 W RCTVR_HERMES:   message: 'Surface mismatch \'5259\' on \'5643\'.',
06-17 08:16:58.934 14684 14748 W RCTVR_HERMES:   logging_trace: '{"eligibility_status":"1","qp_status":"Public","qp_start_time":"1607671437","qp_end_time":"4102473600","supports_dark_mode_image":"","uuid":"0de5b372-bf3d-4432-86ea-23d0def0b044","viewer_id":"0","is_hscroll_unit":""}' }
06-17 08:16:58.939 20508 17290 I LibraryProvider: running refetch() for com.oculus.explore
06-17 08:16:58.939 20508 28957 I LibraryCacheRefresher: Fetch Entitlements. Using Entitlements v1
06-17 08:16:58.940  2286  2286 I [OAO] VrNotificationListenerService: onNotificationRemoved(): key = 0|android|0|com.android.server.wm.AlertWindowNotification - com.oculus.vrshell|1000, type = third_party
06-17 08:16:58.940  2286  2286 I [OAO] VrNotificationListenerService: onNotificationRemoved(): user|package|tag|id = UserHandle{0}|android|com.android.server.wm.AlertWindowNotification - com.oculus.vrshell|0
06-17 08:16:58.940  2535  2535 D [SEO] BaseOverlayService: setOverlayInputFocus : completed - inputFocus=false shouldSupportIME=false actionTaken:true
06-17 08:16:58.940 20508 17292 I LibraryProvider: running queryAllApps() for com.oculus.explore
06-17 08:16:58.948 16118 16118 D [SUI] NotificationBroadcastReceiver: action: com.oculus.intent.action.NOTIF_CHANGE
06-17 08:16:58.948 16118 16118 I NotificationManagerSourceHandler: Dataset has changed
06-17 08:16:58.959  2286  2286 D VrNotificationAnalytics: logNotificationRemoved(third_party)
06-17 08:16:58.966 14684 14748 W RCTVR_HERMES: [warn]: 'Home', [ 'Failed to get the system VOIP microphone mute state!',
06-17 08:16:58.966 14684 14748 W RCTVR_HERMES:   { message: 'Error getting microphone state' } ]
06-17 08:16:58.969  2286  2286 D DeviceHelper: isScreenOn = false
06-17 08:16:58.969  2286  2286 D [OAO] ShellOverlayBroadcastReceiver: onReceive with ShellOverlayService native pointer 4106331600, action com.oculus.vrshell.intent.action.DISMISS_NOTIFICATION
06-17 08:16:58.969  2286  2286 D [OAO] RssdkHelper: getCurrentPackageInfo
06-17 08:16:58.969  2286  2286 I [OAO] RssdkHelperJNI: Java_com_oculus_common_navigation_RssdkHelper_nativeGetCurrentPackageInfo
06-17 08:16:58.969  2286  2286 I [OAO] RssdkHelperJNI: NativeGetCurrentPackageInfo - str combined: 'com.beatgames.beatsaber true'
06-17 08:16:58.969  2286  2286 D [OAO] PrimaryPackage: Shell backgrounded or not running.
06-17 08:16:58.969  2286  2286 I [OAO] ShellOverlayServiceJNI: NativeWake
06-17 08:16:58.969  2286  2286 I [OAO] ShellOverlayMain: WakeVrThread
06-17 08:16:58.969  2286  2286 I [OAO] ShellOverlayMain: WakeVrThread - notifying vr thread
06-17 08:16:58.969  2286  2876 I [OAO] ShellOverlayApp: VrThread woke up
06-17 08:16:58.969  2286  2876 I [OAO] ShellOverlayApp: 0xc9fc5c20 msg: broadcastIntent:
06-17 08:16:58.969  2286  2876 I [OAO] ShellOverlayApp: intent_action = com.oculus.vrshell.intent.action.DISMISS_NOTIFICATION
06-17 08:16:58.969  2286  2876 I [OAO] ShellOverlayApp: status_bar_notification = 0|android|0|com.android.server.wm.AlertWindowNotification - com.oculus.vrshell|1000
06-17 08:16:58.969  2286  2876 I [OAO] ShellOverlayApp: ProcessMessage_Broadcast: com.oculus.vrshell.intent.action.DISMISS_NOTIFICATION
06-17 08:16:58.970  2286  2876 I [OAO] ShellOverlayApp: Start sleep timeout. Now:449355.701179, Timeout:449357.701179
06-17 08:16:58.970 14684 14729 I RCTVR_Shutdown: Native modules flushed
06-17 08:16:58.970 14684 14729 I RCTVR_Shutdown: OnBackground complete
06-17 08:16:58.973  1926  1926 D [OAR] RssdkHelper: getCurrentPackageInfo
06-17 08:16:58.973  1926  1926 I [OAR] RssdkHelperJNI: Java_com_oculus_common_navigation_RssdkHelper_nativeGetCurrentPackageInfo
06-17 08:16:58.973  1926  1926 I [OAR] RssdkHelperJNI: NativeGetCurrentPackageInfo - str combined: 'com.beatgames.beatsaber true'
06-17 08:16:58.973  1926  1926 D [OAR] ShellControlProtectedReceiver: onReceive with MainActivity native pointer 0, action com.oculus.vrshell.intent.action.DISMISS_NOTIFICATION
06-17 08:16:58.975  1926  1926 D DeviceHelper: isScreenOn = false
06-17 08:16:58.975  1926  1926 D [OAR] PrimaryPackage: ShellEnv is backgrounded or not running.
06-17 08:16:58.994 28908 28908 V main-modloader: Deleted: /data/data/com.beatgames.beatsaber/libcodegen_0_9_0.so
06-17 08:16:58.994 28908 28908 V main-modloader: Deleted: /data/data/com.beatgames.beatsaber/libquestui.so
06-17 08:16:59.005  2535 28934 I Telemetry: App memory usage: PSS=68MB DalvikPSS=0 MB
06-17 08:16:59.009 13027 13027 D MetricsService: Unbound
06-17 08:16:59.010  2535  2728 I VrApi   : OVR::Stats thread stopped
06-17 08:16:59.010  2535  2728 I InputDeviceManager: ovrInputDeviceManager::~ovrInputDeviceManager
06-17 08:16:59.010  2535  2728 I HandDataQuerier: OSSDKTRACKING shutting down HandsTracker
06-17 08:16:59.011  2535  2728 I HandDataQuerier: OSSDKTRACKING shutting down HandsTracker
06-17 08:16:59.011  2535  2728 I InputDevice_TrackedRemote: OSSDKTRACKING shutting down Haptics
06-17 08:16:59.011  2535  2728 I InputDevice_TrackedRemote: OSSDKTRACKING shutting down Haptics
06-17 08:16:59.011  2535  2728 D OsSdk   : TrackingServiceConnection dtor
06-17 08:16:59.011   902  1276 I TrackingService: Unregistering client by ITrackingService.unregisterClient
06-17 08:16:59.011   902  1276 I TrackingService: TrackingServiceHost Unregistering client: com.oculus.vrshell#2535
06-17 08:16:59.011  2535  2728 D OsSdk   : TrackingServiceConnection unregistered
06-17 08:16:59.014 28908 28908 V main-modloader: Deleted: /data/data/com.beatgames.beatsaber/librust_test2.so
06-17 08:16:59.014 28908 28908 V main-modloader: Deleted: /data/data/com.beatgames.beatsaber/libsandbox.so
06-17 08:16:59.014 28908 28908 V main-modloader: Copying all .so files from: /sdcard/Android/data/com.beatgames.beatsaber/files/libs/ to temp directory: /data/data/com.beatgames.beatsaber/
06-17 08:16:59.014 28908 28908 I main-modloader: Copying file: /sdcard/Android/data/com.beatgames.beatsaber/files/libs/libbeatsaber-hook_1_3_3.so
06-17 08:16:59.015 28908 28908 V main-modloader: Temp path: /data/data/com.beatgames.beatsaber/
06-17 08:16:59.015 28908 28908 V main-modloader: Local full path: /data/data/com.beatgames.beatsaber/libbeatsaber-hook_1_3_3.so
06-17 08:16:59.017 28908 28908 I main-modloader: Copying file: /sdcard/Android/data/com.beatgames.beatsaber/files/libs/libcustom-types.so
06-17 08:16:59.017 28908 28908 V main-modloader: Temp path: /data/data/com.beatgames.beatsaber/
06-17 08:16:59.017 28908 28908 V main-modloader: Local full path: /data/data/com.beatgames.beatsaber/libcustom-types.so
06-17 08:16:59.024 14684 14699 W explore:explor: Reducing the number of considered missed Gc histogram windows from 579 to 100
06-17 08:16:59.031 28908 28908 I main-modloader: Copying file: /sdcard/Android/data/com.beatgames.beatsaber/files/libs/libcodegen_0_8_1.so
06-17 08:16:59.031 28908 28908 V main-modloader: Temp path: /data/data/com.beatgames.beatsaber/
06-17 08:16:59.031 28908 28908 V main-modloader: Local full path: /data/data/com.beatgames.beatsaber/libcodegen_0_8_1.so
06-17 08:16:59.038  2535 28933 I ClientInputThread_Internal: InputThreadRun ShutdownRequest received
06-17 08:16:59.042  2535  2728 D InputHooksJava: Disabling Java Input Hooks
06-17 08:16:59.042  2535  2728 I ClientInputTrackedObjectManager: TRACKEDKEYBOARD ClearTrackedObjectManager called on client
06-17 08:16:59.042  2039  2795 I VrRuntimeService: RuntimeServiceSDKServer::EnableRendering: 0x0, 0, com.oculus.vrshell:EnvOverlay
06-17 08:16:59.042  2039  2795 I ClientMgr: ClientMgr::EnableRendering 2535:com.oculus.vrshell : type 1 comp-id 2: disable
06-17 08:16:59.042  2039  2795 I VrRuntimeServer: DisableCompositorClient: 2
06-17 08:16:59.042  2039  2795 I TimeWarpClientMgr: Disable client 2
06-17 08:16:59.042  2039  2795 I TimeWarpClientMgr: DisableClient: frame flush required: 0
06-17 08:16:59.045  2039  2795 I UnifiedTelemetryWrapper: Stopped UT session render:com.oculus.vrshell:EnvOverlay
06-17 08:16:59.045  2535 28954 I FenceChecker: FenceChecker::MainLoop - ended
06-17 08:16:59.045  2535  2728 I VrApi   : ---------- vrapi_LeaveVrMode [end] ----------
06-17 08:16:59.046  1736 28952 W [CT]    : MIXEDREALITY: MrFeatureStatus: Status change from Created with the operation Pause is not allowed.
06-17 08:16:59.046  1736 28952 W [CT]    : MIXEDREALITY: MrFeatureStatus: clientChangeStatus: client 2606566361 status change not allowed.
06-17 08:16:59.046  1736 28952 I [CT]    : MIXEDREALITY: MrFeatureStatus: Client status changed from Created to Destroyed.
06-17 08:16:59.046  1736  2985 I ServerProcessConnector: HandleClientDisconnect: Client: com.oculus.vrshell:com.oculus.vrshell:EnvOverlay:2535, Server: com.oculus.mrservice:com.oculus.mrservice:1736 (MrServiceIPCServer)
06-17 08:16:59.046  2535  2728 I RuntimeIPCClientMgr: RuntimeIPCClient: Shutdown: Client: com.oculus.vrshell:com.oculus.vrshell:EnvOverlay:2535, Server: com.oculus.mrservice:com.oculus.mrservice (MrServiceIPCServer)
06-17 08:16:59.046  1736 28952 W PipeUtils: RuntimeIPC: ReadFromPipeInternal: read failed: 0, Success
06-17 08:16:59.046  2535  2728 I RuntimeIPCApi: ipc_Shutdown
06-17 08:16:59.046  1736 28952 W PipeUtils: RuntimeIPC: ReadFromPipe: ReadFromPipeInternal FAILED
06-17 08:16:59.046  2535  2728 I RuntimeIPCServiceClient: Shutdown: Refs still outstanding: 7, com.oculus.vrshell:EnvOverlay
06-17 08:16:59.046  1736 28952 W RuntimeIPCServerMgr: RPCClientHandler::MainLoop: Error reading pipe: Client: com.oculus.vrshell:com.oculus.vrshell:EnvOverlay:2535, Server: com.oculus.mrservice:com.oculus.mrservice (MrServiceIPCServer)
06-17 08:16:59.046  2535  2728 I [OAR] ShellFrameAnalytics: ShellFrame frameFunction: 172847us/210518us, trace: 0us/432us, process commands: 0us/9519us, system update: 0us/26346us, render 0us/3793us, post render 0us/0us
06-17 08:16:59.046  1736 28952 I [CT]    : MIXEDREALITY: MrServiceIPCServer: MrServiceIPCServer::onClientDisconnected
06-17 08:16:59.046  1736 28952 I [CT]    : MIXEDREALITY: MrServiceController: clientDisconnected: 2606566361/com.oculus.vrshell/com.oculus.vrshell:EnvOverlay
06-17 08:16:59.046  1736 28952 I [CT]    : MIXEDREALITY: ClientsStatus: ====== Connected clients ======
06-17 08:16:59.046  1736 28952 I [CT]    : MIXEDREALITY: ClientsStatus: Client: 2606566361/com.oculus.vrshell/com.oculus.vrshell:EnvOverlay
06-17 08:16:59.046  1736 28952 I [CT]    : MIXEDREALITY: ClientsStatus:    [Passthrough] -> Destroyed
06-17 08:16:59.046  1736 28952 I [CT]    : MIXEDREALITY: ClientsStatus:    [Freespace] -> Destroyed
06-17 08:16:59.046  1736 28952 I [CT]    : MIXEDREALITY: ClientsStatus: Client: 4225000446/com.oculus.guardian/com.oculus.vrguardianservice
06-17 08:16:59.046  1736 28952 I [CT]    : MIXEDREALITY: ClientsStatus:    [Passthrough] -> Paused
06-17 08:16:59.046  1736 28952 I [CT]    : MIXEDREALITY: ClientsStatus:    [Freespace] -> Created
06-17 08:16:59.046  1736 28952 I [CT]    : MIXEDREALITY: ClientsStatus: ===============================
06-17 08:16:59.046  1736 28952 I [CT]    : MIXEDREALITY: MrClientModelStates: unregisterClient: For client 2606566361.
06-17 08:16:59.046  1736 28952 I [CT]    : MIXEDREALITY: MrClientModelStates: ==== Known clients ====
06-17 08:16:59.046  1736 28952 I [CT]    : MIXEDREALITY: MrClientModelStates:   ID: 2606566361 layers: 0 meshes: 0 geometries: 0 shaders: 0
06-17 08:16:59.046  1736 28952 I [CT]    : MIXEDREALITY: MrClientModelStates:   ID: 4225000446 layers: 1 meshes: 0 geometries: 0 shaders: 0
06-17 08:16:59.046  1736 28952 I [CT]    : MIXEDREALITY: MrClientModelStates: ==== Known clients ====
06-17 08:16:59.046  1736 28952 I [CT]    : MIXEDREALITY: MrClientModelStates:   ID: 4225000446 layers: 1 meshes: 0 geometries: 0 shaders: 0
06-17 08:16:59.046  1736 28952 I [CT]    : MIXEDREALITY: ClientsStatus: Unregistration from 2606566361/com.oculus.vrshell/com.oculus.vrshell:EnvOverlay accepted.
06-17 08:16:59.046  2535  2728 I [OAR] ShellFrameAnalytics: Shell Heartbeat focusedPanelTimeSpent: {"10":200} visibleTimeSpent: {"12":200,"10":200} inputTimeSpent: {"controller":200} mouseClickCount: 0 mouseMoveTimeSpent: 0 mouseScrollTimeSpent: 0 physicalKeyboardConnectedTimeSpent: 0 physicalKeyboardTrackedTimeSpent: 0
06-17 08:16:59.046  2535  2728 I [OAR] DialogController: CloseDialogs() old: systemux://dialog/none, pendingUri: systemux://dialog/none, pendingComponent: 
06-17 08:16:59.047  2535  2728 I [OAR] DialogController: ResetDialog old: systemux://dialog/none, activeUri systemux://dialog/none, activeReturnComponent 
06-17 08:16:59.047  2535  2728 I [OAR] SystemTabletController: Reset, reason: 5, taskBarVisibility: 1
06-17 08:16:59.047  2535  2728 I [OAR] SystemDialogController: Reset
06-17 08:16:59.047  2535  2728 I [OAR] DialogControllerManager: Reset
06-17 08:16:59.188  2620  2753 I ServerProcessConnector: Connection closed: com.beatgames.beatsaber:com.beatgames.beatsaber:26952
06-17 08:16:59.189  2620  2753 D ThreadHelpers: RuntimeIPC: ThreadBase: Shutdown
06-17 08:16:59.189  1082  1114 W ActivityTaskManager: Activity top resumed state loss timeout for ActivityRecord{4785d22 u0 com.beatgames.beatsaber/com.unity3d.player.UnityPlayerActivity t1808}
06-17 08:16:59.190  1082  1114 W ActivityTaskManager: Activity pause timeout for ActivityRecord{4785d22 u0 com.beatgames.beatsaber/com.unity3d.player.UnityPlayerActivity t1808}
06-17 08:16:59.212  1736  2911 I [CT]    : MIXEDREALITY: MrClientModelStates: Cleaned up resources for client 2606566361
06-17 08:16:59.219 14684 14760 V RCTVRNET: Request complete: time=359 name=unknown docid= traceid=BejEuUHqRa2 code=200
06-17 08:16:59.291 14684 14760 V RCTVRNET: Request complete: time=417 name=unknown docid=4478201862209371 traceid=CeatLXf2xhX code=200
06-17 08:16:59.293 14684 14748 I RCTVR_HERMES: [info]: Writing available data for docid=4478201862209371 to cache
06-17 08:16:59.333  1966 28974 W FbnsCallbackHandlerBase: Dropping unintended message.
06-17 08:16:59.337   735 29938 I netd    : firewallSetUidRule(2, 10002, 1) <0.04ms>
06-17 08:16:59.412 20601 28977 I OSUpdateService: Intent with action system_battery_changed
06-17 08:16:59.451 14684 14760 V RCTVRNET: Request complete: time=576 name=unknown docid=3597295350399853 traceid=Cp36Ib0bTiF code=200
06-17 08:16:59.459 14684 14748 I RCTVR_HERMES: [info]: Writing available data for docid=3597295350399853 to cache
06-17 08:16:59.465 28908 28908 I main-modloader: Copying file: /sdcard/Android/data/com.beatgames.beatsaber/files/libs/libbeatsaber-hook_1_3_5.so
06-17 08:16:59.465 28908 28908 V main-modloader: Temp path: /data/data/com.beatgames.beatsaber/
06-17 08:16:59.465 28908 28908 V main-modloader: Local full path: /data/data/com.beatgames.beatsaber/libbeatsaber-hook_1_3_5.so
06-17 08:16:59.491 28908 28908 I main-modloader: Copying file: /sdcard/Android/data/com.beatgames.beatsaber/files/libs/libcodegen_0_9_0.so
06-17 08:16:59.491 28908 28908 V main-modloader: Temp path: /data/data/com.beatgames.beatsaber/
06-17 08:16:59.491 28908 28908 V main-modloader: Local full path: /data/data/com.beatgames.beatsaber/libcodegen_0_9_0.so
06-17 08:16:59.534 14684 14760 V RCTVRNET: Request complete: time=335 name=unknown docid=2601879749832318 traceid=DDg9dCtNq6K code=200
06-17 08:16:59.606 14684 14748 I RCTVR_HERMES: [info]: Writing available data for docid=2601879749832318 to cache
06-17 08:16:59.664 14684 14760 V RCTVRNET: Request complete: time=60 name=unknown docid=2670330569746397 traceid=HON84YWQdte code=200
06-17 08:16:59.666 14684 14748 I RCTVR_HERMES: [info]: Writing available data for docid=2670330569746397 to cache
06-17 08:16:59.705 14684 14760 V RCTVRNET: Request complete: time=56 name=unknown docid=2859091790848698 traceid=Hu1piLh7dHq code=200
06-17 08:16:59.759 14684 14748 I RCTVR_HERMES: [info]: Writing available data for docid=2859091790848698 to cache
06-17 08:16:59.784  1651 28970 W ContextImpl: Calling a method in the system process without a qualified user: android.app.ContextImpl.sendBroadcast:1057 android.content.ContextWrapper.sendBroadcast:448 X.HK.A00:155 X.HK.handleMessage:92 android.os.Handler.dispatchMessage:107 
06-17 08:16:59.894 28908 28908 I main-modloader: Copying file: /sdcard/Android/data/com.beatgames.beatsaber/files/libs/libquestui.so
06-17 08:16:59.894 28908 28908 V main-modloader: Temp path: /data/data/com.beatgames.beatsaber/
06-17 08:16:59.894 28908 28908 V main-modloader: Local full path: /data/data/com.beatgames.beatsaber/libquestui.so
06-17 08:16:59.898 28908 28908 V main-modloader: Copying all .so files from: /sdcard/Android/data/com.beatgames.beatsaber/files/mods/ to temp directory: /data/data/com.beatgames.beatsaber/
06-17 08:16:59.898 28908 28908 I main-modloader: Copying file: /sdcard/Android/data/com.beatgames.beatsaber/files/mods/librust_test2.so
06-17 08:16:59.898 28908 28908 V main-modloader: Temp path: /data/data/com.beatgames.beatsaber/
06-17 08:16:59.898 28908 28908 V main-modloader: Local full path: /data/data/com.beatgames.beatsaber/librust_test2.so
06-17 08:17:00.216 28908 28908 I main-modloader: Copying file: /sdcard/Android/data/com.beatgames.beatsaber/files/mods/libsandbox.so
06-17 08:17:00.216 28908 28908 V main-modloader: Temp path: /data/data/com.beatgames.beatsaber/
06-17 08:17:00.216 28908 28908 V main-modloader: Local full path: /data/data/com.beatgames.beatsaber/libsandbox.so
06-17 08:17:00.218 28908 28908 I main-modloader: Copying file: /sdcard/Android/data/com.beatgames.beatsaber/files/mods/libburn_marks.so
06-17 08:17:00.218 28908 28908 V main-modloader: Temp path: /data/data/com.beatgames.beatsaber/
06-17 08:17:00.218 28908 28908 V main-modloader: Local full path: /data/data/com.beatgames.beatsaber/libburn_marks.so
