--------- beginning of tracking
06-08 00:36:26.267   902  1276 I chatty  : uid=1000(system) Binder:902_3 expire 4 lines
06-08 00:36:26.267   902  1276 I TrackingService: TrackingServiceHost registered common client; there are 0 secure clients
06-17 05:40:56.059   902  1276 I chatty  : uid=1000(system) Binder:902_3 identical 4 lines
06-17 05:40:56.059   902  1276 I TrackingService: TrackingServiceHost registered common client; there are 0 secure clients
--------- beginning of main
06-17 08:16:58.500 28908 28908 I games.beatsabe: Late-enabling -Xcheck:jni
06-17 08:16:58.507 20508 20508 D UnifiedTelemetryLogger: Already initialized.
06-17 08:16:58.507   735 29938 I netd    : firewallSetUidRule(2, 10034, 2) <0.06ms>
06-17 08:16:58.528 28908 28908 E games.beatsabe: Unknown bits set in runtime_flags: 0x8000
--------- beginning of system
06-17 08:16:58.544  1082  1270 I ActivityManager: Killing 21099:com.android.keychain/1000 (adj 999): empty for 11100s
06-17 08:16:58.560   736   736 I Zygote  : Process 21099 exited due to signal 9 (Killed)
06-17 08:16:58.612  1514  1514 W OVR::Stats: type=1400 audit(0.0:30348): avc: denied { write } for name="traced_producer" dev="tmpfs" ino=1759 scontext=u:r:platform_app:s0:c512,c768 tcontext=u:object_r:traced_producer_socket:s0 tclass=sock_file permissive=0
06-17 08:16:58.643  2535  2535 D [SEO] ShellEnvOverlayService: Message Handler: onResume
06-17 08:16:58.643  2535  2728 I [OAR] ShellApp: 0xcaa2cbe0 msg: resume
06-17 08:16:58.644  2535  2728 I [OAR] ShellApp: ---------- ShellApp::EnterVrMode() ----------
06-17 08:16:58.644  2535  2728 D [SEO] ShellApplication: setOverlayInputFocus: inputFocus=true shouldSupportIME=true
06-17 08:16:58.644  2535  2728 D [SEO] BaseOverlayService: setOverlayInputFocus : entrypoint - inputFocus=true shouldSupportIME=true
06-17 08:16:58.644  2535  2728 I [OAR] VrPlatformVrApi: VrPlatformVrApi::SessionBegin
06-17 08:16:58.644  2535  2728 I [OAR] VrPlatformVrApi: vrapi_EnterVrMode()
06-17 08:16:58.644  2535  2728 I VrApi   : ---------- vrapi_EnterVrMode [start] ----------
06-17 08:16:58.644  2535  2728 I VrRuntimeClient: Tracing is disabled
06-17 08:16:58.644  2535  2728 I VrRuntimeClient: SysProp debug mode is disabled on Client side
06-17 08:16:58.644  2535  2535 D [SEO] BaseOverlayService: attachServiceWindowView shouldSupportIME:true
06-17 08:16:58.645  2535  2728 D VrApi   : targetSDKVersion 29
06-17 08:16:58.647  2535  2728 I VrRuntimeClient: DEVICE MODEL NUMBER = Quest 2
06-17 08:16:58.647  2535  2728 I VrRuntimeClient: DEVICE HARDWARE = hollywood
06-17 08:16:58.647  2535  2728 I VrRuntimeClient: DEVICE BUILD NAME = user-16476800118700000
06-17 08:16:58.647  2535  2728 I VrRuntimeClient: DEVICE BUILD TYPE = user
06-17 08:16:58.647  2535  2728 I VrRuntimeClient: DEVICE OS VERSION = 10
06-17 08:16:58.647  2535  2728 I VrRuntimeClient: API LOADER VERSION = 1.41.0
06-17 08:16:58.647  2535  2728 I VrRuntimeClient: RUNTIME API VERSION = 1.46.0
06-17 08:16:58.647  2535  2728 I VrRuntimeClient: RUNTIME VERSION = 29.0.0.65.370 May  8 2021 20:13:10 RELEASE
06-17 08:16:58.647  2535  2728 I VrRuntimeClient: APP NAME = Oculus App Runtime
06-17 08:16:58.647  2535  2728 I VrRuntimeClient: APP VERSION = 29.0.0.65.370 versionCode 289987433 internalVersionName 29.0.0.65.370.384025c4a70b 2021_05_08_20_13
06-17 08:16:58.647  2535  2728 I VrRuntimeClient: APP VR TYPE = vr_only
06-17 08:16:58.647  2535  2728 I VrRuntimeClient: APP MODE TYPE = VR
06-17 08:16:58.647  2535  2728 I VrRuntimeClient: APP PACKAGE NAME = com.oculus.vrshell
06-17 08:16:58.647  2535  2728 I VrRuntimeClient: APP ACTIVITY CLASS = com.oculus.os.WindowTokenContext
06-17 08:16:58.647  2535  2728 I Sensor  : OSSDKTRACKING Initializing head tracking
06-17 08:16:58.647  2535  2728 D OsSdk   : TrackingServiceConnection ctor
06-17 08:16:58.647  2535  2728 I Sensor  : OSSDKTRACKING Head tracker != nullpointer 0xddee91dc, 1
06-17 08:16:58.647  2535  2728 I Sensor  : OSSDKTRACKING Initializing controller tracking
06-17 08:16:58.647  2535  2728 I Sensor  : OSSDKTRACKING Controller tracker != nullpointer 0xcab335e0, 1
06-17 08:16:58.647  2535  2728 D BatteryReceiver: Registering battery receiver
06-17 08:16:58.648  1082  1270 E WindowManager: App trying to use insecure INPUT_FEATURE_NO_INPUT_CHANNEL flag. Ignoring
06-17 08:16:58.649  2535  2728 D HeadsetReceiver: getCurrentHeadsetState: false
06-17 08:16:58.650  2535  2728 I DeviceStatus: nativeHeadsetEvent(0)
06-17 08:16:58.651  2039  2039 I ClientMgr: FocusedWindowChanged: found matching overlay client: -1688400935
06-17 08:16:58.651  2039  2039 I ClientMgr: FocusedClient ID changed: com.oculus.vrshell:EnvOverlay:2535
06-17 08:16:58.651  2039  2039 I ClientMgr: ClientMgr::SetFocusedClient: 2535:com.oculus.vrshell type 1
06-17 08:16:58.651  2039  2039 W REFLECT : RuntimeIPC: ipc_PostClientEvent FAILED: FocusChangeEvent
06-17 08:16:58.651  2039  2039 W VrRuntimeService: RuntimeIPC: SendFocusChangeEventToAllClients: PostClientEvent FAILED: com.oculus.mrservice:com.oculus.mrservice:1736, com.oculus.vrshell, com.oculus.vrshell:EnvOverlay
06-17 08:16:58.651  2039  2039 I VrRuntimeService: RuntimeIPC: SendFocusChangeEventToAllClients: PostClientEvent SUCCESS: android.uid.systemui:10060:com.android.systemui:1514, com.oculus.vrshell, com.oculus.vrshell:EnvOverlay
06-17 08:16:58.651  2039  2039 I VrRuntimeService: RuntimeIPC: SendFocusChangeEventToAllClients: PostClientEvent SUCCESS: com.oculus.vrshell:com.oculus.vrshell:Overlay:2286, com.oculus.vrshell, com.oculus.vrshell:EnvOverlay
06-17 08:16:58.651  2039  2039 W REFLECT : RuntimeIPC: ipc_PostClientEvent FAILED: FocusChangeEvent
06-17 08:16:58.651  2039  2039 W VrRuntimeService: RuntimeIPC: SendFocusChangeEventToAllClients: PostClientEvent FAILED: com.oculus.shellenv:com.oculus.shellenv:2483, com.oculus.vrshell, com.oculus.vrshell:EnvOverlay
06-17 08:16:58.651  2039  2039 I VrRuntimeService: RuntimeIPC: SendFocusChangeEventToAllClients: PostClientEvent SUCCESS: com.beatgames.beatsaber:com.beatgames.beatsaber:26952, com.oculus.vrshell, com.oculus.vrshell:EnvOverlay
06-17 08:16:58.651  2039  2039 I VrRuntimeService: RuntimeIPC: SendFocusChangeEventToAllClients: PostClientEvent SUCCESS: com.oculus.guardian:com.oculus.vrguardianservice:2620, com.oculus.vrshell, com.oculus.vrshell:EnvOverlay
06-17 08:16:58.651  2039  2039 I VrRuntimeService: RuntimeIPC: SendFocusChangeEventToAllClients: PostClientEvent SUCCESS: com.oculus.vrshell:com.oculus.vrshell:EnvOverlay:2535, com.oculus.vrshell, com.oculus.vrshell:EnvOverlay
06-17 08:16:58.651  2039  2039 W REFLECT : RuntimeIPC: ipc_PostClientEvent FAILED: FocusChangeEvent
06-17 08:16:58.651  2039  2039 W VrRuntimeService: RuntimeIPC: SendFocusChangeEventToAllClients: PostClientEvent FAILED: com.oculus.vrshell:com.oculus.vrshell:1926, com.oculus.vrshell, com.oculus.vrshell:EnvOverlay
06-17 08:16:58.651  2535  2728 I ClientInputInterface: DEADRECKONING SetControllerTrackingExtendedDeadreckoning 0
06-17 08:16:58.651  2535  2728 D InputHooksJava: Enabling Java Input Hooks
06-17 08:16:58.651  2535  2728 W InputHooksJava: Unable to enable input hooks on a non-Activity Context
06-17 08:16:58.651  2535  2728 I InputDevice_TrackedRemote: OSSDKTRACKING Initializing Haptics
06-17 08:16:58.651  2535  2728 I InputDevice_TrackedRemote: OSSDKTRACKING Haptics != nullpointer 0xcab33960, 1
06-17 08:16:58.651  2535  2728 I InputDevice_TrackedRemote: OSSDKTRACKING Initializing Haptics
06-17 08:16:58.651  2535  2728 I InputDevice_TrackedRemote: OSSDKTRACKING Haptics != nullpointer 0xc7ce0c60, 1
06-17 08:16:58.651  2535  2728 I InputDeviceManager: ovrInputDeviceManager::Initialize
06-17 08:16:58.651  2535  2728 I HandDataQuerier: OSSDKTRACKING Initializing HandsTracker
06-17 08:16:58.651  2535  2728 I HandDataQuerier: OSSDKTRACKING HandsTracker != nullpointer 0xe9582d90, 1
06-17 08:16:58.651  2535  2728 I HandDataQuerier: OSSDKTRACKING Initializing HandsTracker
06-17 08:16:58.652  2535  2728 I HandDataQuerier: OSSDKTRACKING HandsTracker != nullpointer 0xe95831a0, 1
06-17 08:16:58.652  2535  2728 I InputDeviceManager: HANDTRACKING packagename is com.oculus.vrshell
06-17 08:16:58.652  2535  2535 D [SEO] BaseOverlayService: setOverlayInputFocus : completed - inputFocus=true shouldSupportIME=true actionTaken:true
06-17 08:16:58.653  2535  2728 I InputDeviceManager: HANDTRACKING: Manifest Permission request for com.oculus.vrshell
06-17 08:16:58.654  2535  2728 I InputDeviceManager: HANDTRACKING:  'com.oculus.vrshell' Is hands or controller.
06-17 08:16:58.654  2535  2728 I InputDeviceManager: HANDTRACKING: feature flag set to 2
06-17 08:16:58.654  2535  2728 I ClientInputInterface: HANDTRACKING sethandmanifest 2
06-17 08:16:58.654   902  1276 I TrackingService: TrackingService::getSharedMemoryFileDescriptor
06-17 08:16:58.656 20508 17292 I LibraryProvider: running queryApp(com.beatgames.beatsaber) for com.oculus.uid:10041
06-17 08:16:58.656   902  1276 I chatty  : uid=1000(system) Binder:902_3 identical 3 lines
06-17 08:16:58.656   902  1276 I TrackingService: TrackingService::getSharedMemoryFileDescriptor
06-17 08:16:58.656   902  1276 I TrackingService: TrackingService::registerClient
06-17 08:16:58.657   902  1276 I TrackingService: Registering client with TrackingServiceHost (com.oculus.vrshell#2535)
06-17 08:16:58.657   902  1276 I TrackingService: TrackingServiceHost GetSharedMemoryFileDescriptor for client com.oculus.vrshell#2535
06-17 08:16:58.657   902  1276 I TrackingService: TrackingServiceHost registered common client; there are 0 secure clients
06-17 08:16:58.657  2535  2728 D OsSdk   : TrackingServiceConnection registered
06-17 08:16:58.657  2535  2728 I Distortion: Initializing Mesh Decenter Correction
06-17 08:16:58.658  2535  2728 I Distortion: EYE_DECENTER ipdMin 58.1186 left H: -6.1297 v: 0.6816  right  H: -2.0904 v: -2.4991
06-17 08:16:58.658  2535  2728 I Distortion: EYE_DECENTER ipdMid 63.0046 left H: 3.4095 v: -0.4233  right  H: 2.6356 v: -1.4351
06-17 08:16:58.658  2535  2728 I Distortion: EYE_DECENTER ipdMax 67.8908 left H: 5.7943 v: -0.4233  right  H: 1.4541 v: -1.4351
06-17 08:16:58.658  2535  2728 I Distortion: EYE_DECENTER PIXELS(4) left H: -3.4095 V: 0.4233  right H: -2.6356 V: 1.4351
06-17 08:16:58.658  2535  2728 I Distortion: EYE_DECENTER iad: 0.063066, left H: -9.92902e-05 V: 1.39054e-05  right H: -9.92902e-05 V: 4.7143e-05
06-17 08:16:58.658  2535  2728 I Distortion: SetLensPositions - iad=0.063066, left offset=-0.000266716,-0.00123439, right offset=6.81356e-05,-0.00120116
06-17 08:16:58.658  2535  2728 I Distortion: Initializing Mesh Decenter Correction
06-17 08:16:58.659  2535  2728 I Distortion: EYE_DECENTER ipdMin 58.1186 left H: -6.1297 v: 0.6816  right  H: -2.0904 v: -2.4991
06-17 08:16:58.659  2535  2728 I Distortion: EYE_DECENTER ipdMid 63.0046 left H: 3.4095 v: -0.4233  right  H: 2.6356 v: -1.4351
06-17 08:16:58.659  2535  2728 I Distortion: EYE_DECENTER ipdMax 67.8908 left H: 5.7943 v: -0.4233  right  H: 1.4541 v: -1.4351
06-17 08:16:58.660  2535  2728 I Distortion: EYE_DECENTER PIXELS(4) left H: -3.4095 V: 0.4233  right H: -2.6356 V: 1.4351
06-17 08:16:58.660  2535  2728 I Distortion: EYE_DECENTER iad: 0.063066, left H: -9.92902e-05 V: 1.39054e-05  right H: -9.92902e-05 V: 4.7143e-05
06-17 08:16:58.660  2535  2728 I Distortion: SetLensPositions - iad=0.063066, left offset=-0.000266716,-0.00123439, right offset=6.81356e-05,-0.00120116
06-17 08:16:58.660  2535  2728 I Distortion: Created custom distortion mesh.
06-17 08:16:58.660  2535  2728 I Distortion: ovrDistortionMeshHeader::magic = 0x56347807
06-17 08:16:58.660  2535  2728 I Distortion: ovrDistortionMeshHeader::deviceModel = 0x200
06-17 08:16:58.660  2535  2728 I Distortion: ovrDistortionMeshHeader::headsetModel = 0x104
06-17 08:16:58.660  2535  2728 I Distortion: ovrDistortionMeshHeader::eyeBlocksWide = 32
06-17 08:16:58.660  2535  2728 I Distortion: ovrDistortionMeshHeader::eyeBlocksHigh = 32
06-17 08:16:58.660  2535  2728 I Distortion: ovrDistortionMeshHeader::lensSeparationMeters = 0.063066
06-17 08:16:58.660  2535  2728 I Distortion: ovrDistortionMeshHeader::horizontalOffsetMeters = -0.000099
06-17 08:16:58.660  2535  2728 I Distortion: ovrDistortionMeshHeader::displayWidthMeters = 0.120362
06-17 08:16:58.660  2535  2728 I Distortion: ovrDistortionMeshHeader::displayHeightMeters = 0.063072
06-17 08:16:58.660  2535  2728 I Distortion: ovrDistortionMeshHeader::displayWidthPixels = 3664
06-17 08:16:58.660  2535  2728 I Distortion: ovrDistortionMeshHeader::displayHeightPixels = 1920
06-17 08:16:58.660  2535  2728 I Distortion: ovrDistortionMeshHeader::eyeTextureWidthPixels = 1440
06-17 08:16:58.660  2535  2728 I Distortion: ovrDistortionMeshHeader::eyeTextureHeightPixels = 1584
06-17 08:16:58.660  2535  2728 I Distortion: ovrDistortionMeshHeader::leftEye = up 48.000000 / down 50.000000 / left 49.000000 / right 45.000000
06-17 08:16:58.660  2535  2728 I Distortion: ovrDistortionMeshHeader::rightEye = up 48.000000 / down 50.000000 / left 45.000000 / right 49.000000
06-17 08:16:58.660  2535  2728 I VrApi   : ovrModeParms::VRAPI_MODE_FLAG_RESET_WINDOW_FULLSCREEN = 1
06-17 08:16:58.660  2535  2728 I VrApi   : ovrModeParms::VRAPI_MODE_FLAG_NATIVE_WINDOW = 1
06-17 08:16:58.660  2535  2728 I VrApi   : ovrModeParms::VRAPI_MODE_FLAG_FRONT_BUFFER_SRGB = 1
06-17 08:16:58.660  2535  2728 I VrApi   : ovrModeParms::VRAPI_MODE_FLAG_CREATE_CONTEXT_NO_ERROR = 0
06-17 08:16:58.660  2535  2728 I VrApi   : ovrModeParms::VRAPI_MODE_FLAG_PHASE_SYNC = 0
06-17 08:16:58.660  2535  2728 I VrApi   : ovrModeParms::VRAPI_MODE_FLAG_APP_SPACE_WARP = 0
06-17 08:16:58.660  2535  2728 I VrRuntimeClient: SetPhaseSyncMode 0
06-17 08:16:58.660  2535  2728 I VrApi   : PhaseSync disabled
06-17 08:16:58.660  2535  2728 W VrApi   : Operating without a sensor.
06-17 08:16:58.660  2535  2728 D VrRuntimeClient: VrRuntimeClient: getClientWindow: windowtoken client
06-17 08:16:58.660  2535  2728 E VrRuntimeClient: VrRuntimeClient: getClientWindow: unable to get clientWindow token: java.lang.NullPointerException: Attempt to invoke virtual method 'android.view.IWindowId android.view.WindowId.getTarget()' on a null object reference
06-17 08:16:58.661  2039  2795 I VrRuntimeService: RuntimeServiceSDKServer::EnableRendering: 0x0, 0, com.oculus.vrshell:EnvOverlay
06-17 08:16:58.661  2039  2795 I ClientMgr: EnableRendering2: invalid clientWindow, testing uid/pid
06-17 08:16:58.661  2039  2795 I ClientMgr: EnableRendering2: matched uid: 10020 and pid: 2535 
06-17 08:16:58.661  2039  2795 I ClientMgr: EnableRendering2: Calling SetFocusedClient: 2606566361
06-17 08:16:58.661  2039  2795 I ClientMgr: ClientMgr::SetFocusedClient: 2535:com.oculus.vrshell type 1
06-17 08:16:58.661  2039  2795 I ClientMgr: ClientMgr::EnableRendering 2535:com.oculus.vrshell : type 1 comp-id 2: enable
06-17 08:16:58.661  2039  2795 I TimeWarpClientMgr: Enable client 2
06-17 08:16:58.661  2039  2795 I VrRuntimeServer: EnableCompositorClient client(2): layer placement(2147483647) flags(0) sm(0x7cc4c08010)
06-17 08:16:58.661  2039  2795 I VrRuntimeServer: SysProp debug mode is disabled on Server side
06-17 08:16:58.664 20508 17292 I LibraryProvider: running queryApp(com.beatgames.beatsaber) for com.oculus.uid:10041
06-17 08:16:58.665  2039  2795 I UnifiedTelemetryWrapper: Started UT session render:com.oculus.vrshell:EnvOverlay
06-17 08:16:58.665  2039  2795 I VrRuntimeService: GetSpecialSwapChain: 2606566361
06-17 08:16:58.665  2039  2795 I VrRuntimeService: GetSpecialSwapChain: Invalid special swapchain.
06-17 08:16:58.665  2535  2728 W VrApi   : GetSpecialSwapChain: response.SwapChainId == -1
06-17 08:16:58.665  2039  2795 I VrRuntimeService: GetSpecialSwapChain: 2606566361
06-17 08:16:58.665  2039  2795 I VrRuntimeService: GetSpecialSwapChain: Invalid special swapchain.
06-17 08:16:58.665  2535  2728 W VrApi   : GetSpecialSwapChain: response.SwapChainId == -1
06-17 08:16:58.666  2535  2728 I VrApi   : OVR::Stats thread started
06-17 08:16:58.666  2535  2728 I VrApi   : Initial BaseVsync 541517 
06-17 08:16:58.666  2535  2728 I XrRuntimeSystem_Client: BeginSession
06-17 08:16:58.667  2535  2728 I VrApi   : ---------- vrapi_EnterVrMode [end] ----------
06-17 08:16:58.667  2535  2728 I [OAR] VrPlatformVrApi: MrService is enabled, going to init the session.
06-17 08:16:58.667  2535  2728 I ipcLoader: RuntimeIPC: Loader: IPC Service API Loader Version: 22 Mar 19 2021 15:12:11
06-17 08:16:58.667  2535  2728 I ipcLoader: RuntimeIPC: Loader: Re-using vtable
06-17 08:16:58.667  2535  2728 I RuntimeIPCApi: ipc_Initialize
06-17 08:16:58.667  2535  2728 V RuntimeIPCServiceClient: compareContext FAILED: com.oculus.os.WindowTokenContext, com.oculus.vrshell.ShellApplication
06-17 08:16:58.667  2535  2728 D RuntimeIPCServiceClient: ensureServiceStarted: com.oculus.mrservice, com.oculus.mrservice.MrService
06-17 08:16:58.673  2535  2728 D RuntimeIPCServiceClient: ensureServiceStarted SUCCESS: com.oculus.mrservice, com.oculus.mrservice.MrService
06-17 08:16:58.673  2535  2728 D RuntimeIPCClientMgr: SyncClientWithService: Client: com.oculus.vrshell:com.oculus.vrshell:EnvOverlay:2535, Server: com.oculus.mrservice:com.oculus.mrservice (MrServiceIPCServer)
06-17 08:16:58.673  1736  1736 I MrService: onStartCommand
06-17 08:16:58.674  1736  2985 I SharedMemoryServer: SharedMemoryServer::MapMemory: Allocated shared memory fd 79 (rpcBuffer)
06-17 08:16:58.675  1736  2985 I SharedMemoryServer: SharedMemoryServer::MapMemory: Allocated shared memory fd 80 (ipcReadOnlyState)
06-17 08:16:58.676  1736  2985 I JniUtils: Creating temporary JNIEnv. This is a heavy operation and should be infrequent. To optimize, use JNI AttachCurrentThread on calling thread
06-17 08:16:58.676 13027 13027 D MetricsService: Bound Intent { cmp=com.oculus.ovrmonitormetricsservice/.MetricsService }
06-17 08:16:58.677  1736  2985 I JniUtils: Creating temporary JNIEnv. This is a heavy operation and should be infrequent. To optimize, use JNI AttachCurrentThread on calling thread
06-17 08:16:58.677  1736  2985 I chatty  : uid=10006(com.oculus.mrservice) mrsvc::main identical 1 line
06-17 08:16:58.678  1736  2985 I JniUtils: Creating temporary JNIEnv. This is a heavy operation and should be infrequent. To optimize, use JNI AttachCurrentThread on calling thread
06-17 08:16:58.678  1736  2985 I ServerProcessConnector: HandleClientConnect: Client: com.oculus.vrshell:com.oculus.vrshell:EnvOverlay:2535, Server: com.oculus.mrservice:com.oculus.mrservice:1736 (MrServiceIPCServer)
06-17 08:16:58.678  2535 28934 D VrApi   : targetSDKVersion 29
06-17 08:16:58.679  2535 28934 I JniUtils: ovr_GetCurrentPackageSignature 
06-17 08:16:58.680  2535  2728 W RuntimeIPCClientMgr: InitRPCToServer: RPC_CONNECTOR_CONNECT_TO_SERVER SUCCESS (new path): Client: com.oculus.vrshell:com.oculus.vrshell:EnvOverlay:2535, Server: com.oculus.mrservice:com.oculus.mrservice (MrServiceIPCServer)
06-17 08:16:58.680  2535  2728 I RuntimeIPCClientMgr: ConnectToServer: SUCCESS: Client: com.oculus.vrshell:com.oculus.vrshell:EnvOverlay:2535, Server: com.oculus.mrservice:com.oculus.mrservice (MrServiceIPCServer)
06-17 08:16:58.680  2535 28934 I Metrics : device name = Oculus Quest 2
06-17 08:16:58.680  2535  2728 I [OAR] MrServiceClientVrApi: MrSessionCreate OK
06-17 08:16:58.685  2483  2521 I Clay    : BaseApp: Leaving hibernation
06-17 08:16:58.685  2483  2521 I Clay    : EnvironmentSystem: computed visibility changed from Unload to Hidden (reason: LayerRendering)
06-17 08:16:58.685  2483  2521 I Clay    : BaseApp: Entering hibernation in 30 frames
06-17 08:16:58.688  1082  1622 W InputReader: Device has associated, but no associated display id.
06-17 08:16:58.693  2535  2535 D MetricsService: Connected to metrics service: ComponentInfo{com.oculus.ovrmonitormetricsservice/com.oculus.ovrmonitormetricsservice.MetricsService}
06-17 08:16:58.693  2535  2535 D [SEO] ShellEnvOverlayService: Message Handler: onPause
06-17 08:16:58.700  1966  1966 E OVRMediaServiceManager: LivestreamingManager Not initialized
06-17 08:16:58.700 12731 12731 W com.oculus.processhelper.ProcessHelper: Current process name is: com.oculus.socialplatform
06-17 08:16:58.703  2039  2039 D VrRuntimeService: onForegroundActivitiesChanged: pid=28908, uid=10094, hasForegroundActivities=true
06-17 08:16:58.704  2620 27083 W PipeUtils: RuntimeIPC: ReadFromPipeInternal: read failed: 0, Success
06-17 08:16:58.704  2620 27083 W PipeUtils: RuntimeIPC: ReadFromPipe: ReadFromPipeInternal FAILED
06-17 08:16:58.704  2620 27083 W RuntimeIPCServerMgr: RPCClientHandler::MainLoop: Error reading pipe: Client: com.beatgames.beatsaber:com.beatgames.beatsaber:26952, Server: com.oculus.guardian:com.oculus.vrguardianservice (guardianserver)
06-17 08:16:58.704  2039 27084 W PipeUtils: RuntimeIPC: ReadFromPipeInternal: read failed: 0, Socket operation on non-socket
06-17 08:16:58.704  2039 27084 W PipeUtils: RuntimeIPC: ReadFromPipe: ReadFromPipeInternal FAILED
06-17 08:16:58.704  2039 27084 W RuntimeIPCServerMgr: RPCClientHandler::MainLoop: Error reading pipe: Client: com.beatgames.beatsaber:com.beatgames.beatsaber:26952, Server: com.oculus.systemdriver:com.oculus.vrruntimeservice (RuntimeServiceServer)
06-17 08:16:58.704  2039 27084 I VrRuntimeService: RuntimeIPC: IPC_SYSTEM_EVENT_CLIENT_DISCONNECTED_EXT: com.beatgames.beatsaber
06-17 08:16:58.704  2039 27065 W PipeUtils: RuntimeIPC: ReadFromPipeInternal: read failed: 0, Socket operation on non-socket
06-17 08:16:58.704  2039 27065 W PipeUtils: RuntimeIPC: ReadFromPipe: ReadFromPipeInternal FAILED
06-17 08:16:58.704  2039 27065 W RPCServerHandlerHelper: RPCServerHandlerHelper::MainLoop: Error reading pipe: ServerProcessConnection
06-17 08:16:58.705  2039  2039 D VrRuntimeService: Package com.beatgames.beatsaber has ossplash true
06-17 08:16:58.705  2039  2039 I ClientMgr: Loading logo from client com.beatgames.beatsaber
06-17 08:16:58.707  2012 15618 D RuntimeIPCService: binderDied: com.beatgames.beatsaber
06-17 08:16:58.707  2012 15618 D ThreadHelpers: RuntimeIPC: ThreadBase: Shutdown
06-17 08:16:58.707  2012 15618 D ThreadHelpers: RuntimeIPC: ThreadBase: RequestShutdown
06-17 08:16:58.657   902  1276 I chatty  : uid=1000(system) Binder:902_3 identical 4 lines
06-17 08:16:58.657   902  1276 I TrackingService: TrackingServiceHost registered common client; there are 0 secure clients
06-17 08:16:58.707   902  1276 I TrackingService: Unregistering client 'com.beatgames.beatsaber#26952' by binder death
06-17 08:16:58.707   902  1276 I TrackingService: TrackingServiceHost Unregistering client: com.beatgames.beatsaber#26952
06-17 08:16:58.707  2012 15618 I RuntimeIPCService: ResetBinderConnection: Removing binder: com.beatgames.beatsaber:com.beatgames.beatsaber:26952
06-17 08:16:58.708  1357  1357 V AvrcpMediaPlayerList: onPlaybackConfigChanged(): Configs list size=3
06-17 08:16:58.708  2620 27063 W PipeUtils: RuntimeIPC: ReadFromPipeInternal: read failed: 0, Socket operation on non-socket
06-17 08:16:58.708  2620 27063 W PipeUtils: RuntimeIPC: ReadFromPipe: ReadFromPipeInternal FAILED
06-17 08:16:58.708  2620 27063 W RPCServerHandlerHelper: RPCServerHandlerHelper::MainLoop: Error reading pipe: ServerProcessConnection
06-17 08:16:58.709  2039  2039 I InterstitialRenderer: Loaded logo into a 800/267 PNG
06-17 08:16:58.709  1082  1122 I libprocessgroup: Successfully killed process cgroup uid 10094 pid 26952 in 316ms
06-17 08:16:58.709  1082  1122 I libprocessgroup: Successfully killed process cgroup uid 1000 pid 21099 in 0ms
06-17 08:16:58.710   736   736 I Zygote  : Process 26952 exited due to signal 9 (Killed)
06-17 08:16:58.710  2039  2039 I VrRuntimeServer: CreateLocalTextureSwapChainGLES: result createswapchaingles 0x7c51ab6000
06-17 08:16:58.710  2039  2039 W rruntimeservic: Attempt to remove invalid index 683 (bottom=7 top=11)
06-17 08:16:58.710  2039  2039 W rruntimeservic: JNI WARNING: DeleteLocalRef(0x2aba) failed to find entry
06-17 08:16:58.710  2039 27084 I ClientMgr: ClientMgr::DestroyClient: 26952:com.beatgames.beatsaber
06-17 08:16:58.710  2039 27084 I ClientMgr: ClientMgr::DestroyClient: 26952:com.beatgames.beatsaber is enabled for rendering on destroy.
06-17 08:16:58.710  2039 27084 I ClientMgr: ClientMgr::EnableRendering 26952:com.beatgames.beatsaber : type 0 comp-id 84: disable
06-17 08:16:58.710  2039 27084 I VrRuntimeServer: DisableCompositorClient: 84
06-17 08:16:58.710  2039 27084 I TimeWarpClientMgr: Disable client 84
06-17 08:16:58.710  2039 27084 W TimeWarpClientMgr: Client 84 already disabled
06-17 08:16:58.713 12731 12731 E PartyStateManager: onAppStart nativeGetSystemVoipData didn't contain state
06-17 08:16:58.713 12731 12731 W VRLifecycleManager: onHeadsetUnmounted
06-17 08:16:58.714  2039 27084 I UnifiedTelemetryWrapper: Stopped UT session render:com.beatgames.beatsaber
06-17 08:16:58.714  2039 27084 I ClientMgr: ClientMgr::DestroyClient Destroying 1 swapchain(s) for 26952:com.beatgames.beatsaber.
06-17 08:16:58.714 20508 17292 I LibraryProvider: running queryApp(com.beatgames.beatsaber) for com.oculus.uid:10041
06-17 08:16:58.715  2039 27084 I VrRuntimeServer: DestroyTextureSwapChain: result destroyswapchain 1
06-17 08:16:58.715  2039 27084 I ClientMgr: ClientMgr::DestroyClient: non-deferred ShutdownResources: -1 == -1 
06-17 08:16:58.715  2039 27084 I VrRuntimeServer: UnRegisterCompositorClient client(84)
06-17 08:16:58.722  2039 27084 I UnifiedTelemetryWrapper: Stopped UT session lifetime:com.beatgames.beatsaber
06-17 08:16:58.722  2039 27084 I ClientMgr: RemoveClient: com.beatgames.beatsaber:com.beatgames.beatsaber:26952
06-17 08:16:58.723  2483  2521 I Clay    : EnvironmentSystem: computed visibility changed from Hidden to Unload (reason: Paused)
06-17 08:16:58.724  2483  2521 I Clay    : EnvironmentStateSystem: Clearing IR due to pausing
06-17 08:16:58.728  1082  1114 W ActivityManager: setHasOverlayUi called on unknown pid: 26952
06-17 08:16:58.729   735 29938 I netd    : firewallSetUidRule(2, 10034, 1) <0.03ms>
06-17 08:16:58.735  1684  1684 D OculusNotificationListenerService: Notification posted: 0|android|0|com.android.server.wm.AlertWindowNotification - com.oculus.vrshell|1000
06-17 08:16:58.737  2286  2286 I [OAO] VrNotificationListenerService: onNotificationPosted(): key = 0|android|0|com.android.server.wm.AlertWindowNotification - com.oculus.vrshell|1000, type = third_party
06-17 08:16:58.737  2286  2286 I [OAO] VrNotificationListenerService: onNotificationPosted(): user|package|tag|id = UserHandle{0}|android|com.android.server.wm.AlertWindowNotification - com.oculus.vrshell|0
06-17 08:16:58.739  2286  2286 D VrNotificationAnalytics: logNotificationPosted(third_party)
06-17 08:16:58.740  2286  2286 D [OAO] VrBroadcastReceiver: action: com.oculus.vrshell.intent.action.NOTIFICATION_WAKE
06-17 08:16:58.742  2286  2286 D [OAO] VrNotificationService: VrNotificationService onStartCommand() Intent { cmp=com.oculus.vrshell/.VrNotificationService }
06-17 08:16:58.743 16118 16118 D [SUI] NotificationBroadcastReceiver: action: com.oculus.intent.action.NOTIF_CHANGE
06-17 08:16:58.743 16118 16118 I NotificationManagerSourceHandler: Dataset has changed
06-17 08:16:58.744 28908 28908 I libmain - patched: JNI_OnLoad called, linking JNI methods
06-17 08:16:58.745 28908 28908 V libmain - patched: Calling preload
06-17 08:16:58.745 28908 28908 V libmain - patched: Attempting to load libmodloader in jni::modloader::preload()
06-17 08:16:58.745  1082  1289 D NotificationSQLiteLog: Pruned event entries: 0
06-17 08:16:58.747 28908 28908 V libmain - patched: libmodloader loaded
06-17 08:16:58.747 28908 28908 V libmain - patched: Calling modloader_preload
06-17 08:16:58.747 28908 28908 V libmodloader: modloader_preload called (should be really early)
06-17 08:16:58.747 28908 28908 I libmodloader: Welcome!
06-17 08:16:58.747 28908 28908 V libmain - patched: Preloading done
06-17 08:16:58.747 28908 28908 I libmain - patched: JNI_OnLoad done!
06-17 08:16:58.747 28908 28908 V libmain - patched: Searching in /data/app/com.beatgames.beatsaber-_aQ7vKcOk2gs3f7VpiO_jg==/lib/arm64
06-17 08:16:58.747 28908 28908 V libmain - patched: Got JVM
06-17 08:16:58.747 28908 28908 V libmain - patched: Loaded libmodloader
06-17 08:16:58.747 28908 28908 V libmain - patched: Using libmodloader's modloader_main
06-17 08:16:58.747 28908 28908 V libmodloader: modloader_main called with vm: 0x0x7d5faf91c0, env: 0x0x7d5fb46000, loadSrc: /data/app/com.beatgames.beatsaber-_aQ7vKcOk2gs3f7VpiO_jg==/lib/arm64/libmodloader.so
06-17 08:16:58.748 28908 28908 D libmodloader: checkSelfPermission(WRITE_EXTERNAL_STORAGE) returned: 0
06-17 08:16:58.748 28908 28908 D main-modloader: libil2cpp path: /data/app/com.beatgames.beatsaber-_aQ7vKcOk2gs3f7VpiO_jg==/lib/arm64/libil2cpp.so
06-17 08:16:58.748 28908 28908 V libmodloader: Protecting memory from /proc/self/maps!
06-17 08:16:58.749 28908 28908 D libmodloader: Line: 5e4bbfe000-5e4bc02000 --xp 00002000 fd:04 576                            /system/bin/app_process64
06-17 08:16:58.749 28908 28908 I libmodloader: Protecting memory: 0x5e4bbfe000 - 0x5e4bc02000 with perms: --xp to: +rx
06-17 08:16:58.751 28908 28908 D libmodloader: Line: 7c82f25000-7c82f27000 --xp 00000000 fd:04 2740                           /system/lib64/libashmemd_client.so
06-17 08:16:58.751 28908 28908 I libmodloader: Protecting memory: 0x7c82f25000 - 0x7c82f27000 with perms: --xp to: +rx
06-17 08:16:58.751 28908 28908 D libmodloader: Line: 7c82f4f000-7c82f51000 --xp 00003000 fd:04 2691                           /system/lib64/ashmemd_aidl_interface-cpp.so
06-17 08:16:58.751 28908 28908 I libmodloader: Protecting memory: 0x7c82f4f000 - 0x7c82f51000 with perms: --xp to: +rx
06-17 08:16:58.751 28908 28908 D libmodloader: Line: 7cc2f9c000-7cc2f9e000 --xp 00000000 fd:04 3083                           /system/lib64/libwebviewchromium_loader.so
06-17 08:16:58.751 28908 28908 I libmodloader: Protecting memory: 0x7cc2f9c000 - 0x7cc2f9e000 with perms: --xp to: +rx
06-17 08:16:58.751 28908 28908 D libmodloader: Line: 7cc2ffa000-7cc300c000 --xp 00007000 fd:04 2810                           /system/lib64/libcompiler_rt.so
06-17 08:16:58.751 28908 28908 I libmodloader: Protecting memory: 0x7cc2ffa000 - 0x7cc300c000 with perms: --xp to: +rx
06-17 08:16:58.751 28908 28908 D libmodloader: Line: 7cc30a3000-7cc30ad000 --xp 0000b000 fd:05 1137                           /vendor/lib64/vendor.qti.hardware.display.mapper@2.0.so
06-17 08:16:58.751 28908 28908 I libmodloader: Protecting memory: 0x7cc30a3000 - 0x7cc30ad000 with perms: --xp to: +rx
06-17 08:16:58.751 28908 28908 D libmodloader: Line: 7cc30d6000-7cc30e0000 --xp 00008000 fd:05 859                            /vendor/lib64/egl/eglSubDriverAndroid.so
06-17 08:16:58.751 28908 28908 I libmodloader: Protecting memory: 0x7cc30d6000 - 0x7cc30e0000 with perms: --xp to: +rx
06-17 08:16:58.751 28908 28908 D libmodloader: Line: 7cc3113000-7cc313a000 --xp 00013000 fd:05 861                            /vendor/lib64/egl/libGLESv1_CM_adreno.so
06-17 08:16:58.751 28908 28908 I libmodloader: Protecting memory: 0x7cc3113000 - 0x7cc313a000 with perms: --xp to: +rx
06-17 08:16:58.751 28908 28908 D libmodloader: Line: 7cc3274000-7cc35ae000 --xp 00119000 fd:05 862                            /vendor/lib64/egl/libGLESv2_adreno.so
06-17 08:16:58.751 28908 28908 I libmodloader: Protecting memory: 0x7cc3274000 - 0x7cc35ae000 with perms: --xp to: +rx
06-17 08:16:58.751 28908 28908 D libmodloader: Line: 7cc365b000-7cc373b000 --xp 0003d000 fd:05 1004                           /vendor/lib64/libllvm-glnext.so
06-17 08:16:58.751 28908 28908 I libmodloader: Protecting memory: 0x7cc365b000 - 0x7cc373b000 with perms: --xp to: +rx
06-17 08:16:58.751 28908 28908 D libmodloader: Line: 7cc37a7000-7cc37b6000 --xp 00007000 fd:04 3366                           /system/lib64/vndk-sp-29/libz.so
06-17 08:16:58.751 28908 28908 I libmodloader: Protecting memory: 0x7cc37a7000 - 0x7cc37b6000 with perms: --xp to: +rx
06-17 08:16:58.751 28908 28908 D libmodloader: Line: 7cc3899000-7cc39ef000 --xp 000bd000 fd:05 983                            /vendor/lib64/libgsl.so
06-17 08:16:58.751 28908 28908 I libmodloader: Protecting memory: 0x7cc3899000 - 0x7cc39ef000 with perms: --xp to: +rx
06-17 08:16:58.751 28908 28908 D libmodloader: Line: 7cc3a2b000-7cc3a2f000 --xp 00005000 fd:05 860                            /vendor/lib64/egl/libEGL_adreno.so
06-17 08:16:58.751 28908 28908 I libmodloader: Protecting memory: 0x7cc3a2b000 - 0x7cc3a2f000 with perms: --xp to: +rx
06-17 08:16:58.751 28908 28908 D libmodloader: Line: 7cc3a4f000-7cc3a5b000 --xp 00007000 fd:05 927                            /vendor/lib64/libadreno_utils.so
06-17 08:16:58.751 28908 28908 I libmodloader: Protecting memory: 0x7cc3a4f000 - 0x7cc3a5b000 with perms: --xp to: +rx
06-17 08:16:58.751 28908 28908 D libmodloader: Line: 7cc3af7000-7cc3b68000 --xp 0004e000 fd:04 3349                           /system/lib64/vndk-sp-29/libc++.so
06-17 08:16:58.751 28908 28908 I libmodloader: Protecting memory: 0x7cc3af7000 - 0x7cc3b68000 with perms: --xp to: +rx
06-17 08:16:58.751 28908 28908 D libmodloader: Line: 7cc3b99000-7cc3ba1000 --xp 00006000 fd:05 982                            /vendor/lib64/libgrallocutils.so
06-17 08:16:58.751 28908 28908 I libmodloader: Protecting memory: 0x7cc3b99000 - 0x7cc3ba1000 with perms: --xp to: +rx
06-17 08:16:58.751 28908 28908 D libmodloader: Line: 7cc3bc7000-7cc3bc8000 --xp 00000000 fd:04 3357                           /system/lib64/vndk-sp-29/libhwbinder.so
06-17 08:16:58.751 28908 28908 I libmodloader: Protecting memory: 0x7cc3bc7000 - 0x7cc3bc8000 with perms: --xp to: +rx
06-17 08:16:58.752 28908 28908 D libmodloader: Line: 7cc3c5d000-7cc3cb1000 --xp 00040000 fd:04 3354                           /system/lib64/vndk-sp-29/libhidlbase.so
06-17 08:16:58.752 28908 28908 I libmodloader: Protecting memory: 0x7cc3c5d000 - 0x7cc3cb1000 with perms: --xp to: +rx
06-17 08:16:58.752 28908 28908 D libmodloader: Line: 7cc3cd9000-7cc3ce3000 --xp 0000b000 fd:05 1138                           /vendor/lib64/vendor.qti.hardware.display.mapper@3.0.so
06-17 08:16:58.752 28908 28908 I libmodloader: Protecting memory: 0x7cc3cd9000 - 0x7cc3ce3000 with perms: --xp to: +rx
06-17 08:16:58.752 28908 28908 D libmodloader: Line: 7cc3d35000-7cc3d39000 --xp 00007000 fd:05 872                            /vendor/lib64/hw/android.hardware.graphics.mapper@3.0-impl-qti-display.so
06-17 08:16:58.752 28908 28908 I libmodloader: Protecting memory: 0x7cc3d35000 - 0x7cc3d39000 with perms: --xp to: +rx
06-17 08:16:58.752 28908 28908 D libmodloader: Line: 7cc3d52000-7cc3d56000 --xp 00005000 fd:05 981                            /vendor/lib64/libgralloccore.so
06-17 08:16:58.752 28908 28908 I libmodloader: Protecting memory: 0x7cc3d52000 - 0x7cc3d56000 with perms: --xp to: +rx
06-17 08:16:58.752 28908 28908 D libmodloader: Line: 7cc3d88000-7cc3d89000 --xp 00000000 fd:04 3329                           /system/lib64/vndk-sp-29/android.hardware.graphics.common@1.0.so
06-17 08:16:58.752 28908 28908 I libmodloader: Protecting memory: 0x7cc3d88000 - 0x7cc3d89000 with perms: --xp to: +rx
06-17 08:16:58.752 28908 28908 D libmodloader: Line: 7cc3ded000-7cc3df0000 --xp 00001000 fd:05 1025                           /vendor/lib64/libqdMetaData.so
06-17 08:16:58.752 28908 28908 I libmodloader: Protecting memory: 0x7cc3ded000 - 0x7cc3df0000 with perms: --xp to: +rx
06-17 08:16:58.752 28908 28908 D libmodloader: Line: 7cc3e1c000-7cc3e1e000 --xp 00000000 fd:04 3359                           /system/lib64/vndk-sp-29/libion.so
06-17 08:16:58.752 28908 28908 I libmodloader: Protecting memory: 0x7cc3e1c000 - 0x7cc3e1e000 with perms: --xp to: +rx
06-17 08:16:58.752 28908 28908 D libmodloader: Line: 7cc3e68000-7cc3e69000 --xp 00000000 fd:04 3356                           /system/lib64/vndk-sp-29/libhidltransport.so
06-17 08:16:58.752 28908 28908 I libmodloader: Protecting memory: 0x7cc3e68000 - 0x7cc3e69000 with perms: --xp to: +rx
06-17 08:16:58.752 28908 28908 D libmodloader: Line: 7cc3e9e000-7cc3ead000 --xp 0000e000 fd:05 1139                           /vendor/lib64/vendor.qti.hardware.display.mapperextensions@1.0.so
06-17 08:16:58.752 28908 28908 I libmodloader: Protecting memory: 0x7cc3e9e000 - 0x7cc3ead000 with perms: --xp to: +rx
06-17 08:16:58.752 28908 28908 D libmodloader: Line: 7cc3ee3000-7cc3eec000 --xp 00008000 fd:04 3345                           /system/lib64/vndk-sp-29/libbase.so
06-17 08:16:58.752 28908 28908 I libmodloader: Protecting memory: 0x7cc3ee3000 - 0x7cc3eec000 with perms: --xp to: +rx
06-17 08:16:58.752 28908 28908 D libmodloader: Line: 7cc3f18000-7cc3f3c000 --xp 00015000 fd:04 3362                           /system/lib64/vndk-sp-29/libprocessgroup.so
06-17 08:16:58.752 28908 28908 I libmodloader: Protecting memory: 0x7cc3f18000 - 0x7cc3f3c000 with perms: --xp to: +rx
06-17 08:16:58.752 28908 28908 D libmodloader: Line: 7cc3f63000-7cc3f6c000 --xp 00009000 fd:04 3332                           /system/lib64/vndk-sp-29/android.hardware.graphics.mapper@2.0.so
06-17 08:16:58.752 28908 28908 I libmodloader: Protecting memory: 0x7cc3f63000 - 0x7cc3f6c000 with perms: --xp to: +rx
06-17 08:16:58.752 28908 28908 D libmodloader: Line: 7cc3f81000-7cc3f82000 --xp 00000000 fd:04 3330                           /system/lib64/vndk-sp-29/android.hardware.graphics.common@1.1.so
06-17 08:16:58.752 28908 28908 I libmodloader: Protecting memory: 0x7cc3f81000 - 0x7cc3f82000 with perms: --xp to: +rx
06-17 08:16:58.752 28908 28908 D libmodloader: Line: 7cc3ff1000-7cc3ff2000 --xp 00000000 fd:04 3331                           /system/lib64/vndk-sp-29/android.hardware.graphics.common@1.2.so
06-17 08:16:58.752 28908 28908 I libmodloader: Protecting memory: 0x7cc3ff1000 - 0x7cc3ff2000 with perms: --xp to: +rx
06-17 08:16:58.752 28908 28908 D libmodloader: Line: 7cc4009000-7cc400b000 --xp 00001000 fd:04 3347                           /system/lib64/vndk-sp-29/libbinderthreadstate.so
06-17 08:16:58.752 28908 28908 I libmodloader: Protecting memory: 0x7cc4009000 - 0x7cc400b000 with perms: --xp to: +rx
06-17 08:16:58.752 28908 28908 D libmodloader: Line: 7cc4050000-7cc405d000 --xp 0000e000 fd:04 3364                           /system/lib64/vndk-sp-29/libutils.so
06-17 08:16:58.752 28908 28908 I libmodloader: Protecting memory: 0x7cc4050000 - 0x7cc405d000 with perms: --xp to: +rx
06-17 08:16:58.752 28908 28908 D libmodloader: Line: 7cc408f000-7cc4098000 --xp 0000a000 fd:04 3333                           /system/lib64/vndk-sp-29/android.hardware.graphics.mapper@2.1.so
06-17 08:16:58.752 28908 28908 I libmodloader: Protecting memory: 0x7cc408f000 - 0x7cc4098000 with perms: --xp to: +rx
06-17 08:16:58.752 28908 28908 D libmodloader: Line: 7cc40ef000-7cc40f1000 --xp 00000000 fd:04 3353                           /system/lib64/vndk-sp-29/libhardware.so
06-17 08:16:58.752 28908 28908 I libmodloader: Protecting memory: 0x7cc40ef000 - 0x7cc40f1000 with perms: --xp to: +rx
06-17 08:16:58.752 28908 28908 D libmodloader: Line: 7cc412c000-7cc4137000 --xp 0000a000 fd:04 3334                           /system/lib64/vndk-sp-29/android.hardware.graphics.mapper@3.0.so
06-17 08:16:58.752 28908 28908 I libmodloader: Protecting memory: 0x7cc412c000 - 0x7cc4137000 with perms: --xp to: +rx
06-17 08:16:58.752 28908 28908 D libmodloader: Line: 7cc4170000-7cc417c000 --xp 0000e000 fd:05 1140                           /vendor/lib64/vendor.qti.hardware.display.mapperextensions@1.1.so
06-17 08:16:58.752 28908 28908 I libmodloader: Protecting memory: 0x7cc4170000 - 0x7cc417c000 with perms: --xp to: +rx
06-17 08:16:58.752 28908 28908 D libmodloader: Line: 7cc418d000-7cc4196000 --xp 00006000 fd:04 3351                           /system/lib64/vndk-sp-29/libcutils.so
06-17 08:16:58.752 28908 28908 I libmodloader: Protecting memory: 0x7cc418d000 - 0x7cc4196000 with perms: --xp to: +rx
06-17 08:16:58.752 28908 28908 D libmodloader: Line: 7cc4cb9000-7cc4d2a000 --xp 0004e000 fd:04 81                             /apex/com.android.conscrypt/lib64/libc++.so
06-17 08:16:58.752 28908 28908 I libmodloader: Protecting memory: 0x7cc4cb9000 - 0x7cc4d2a000 with perms: --xp to: +rx
06-17 08:16:58.753 28908 28908 D libmodloader: Line: 7cc4dbd000-7cc4e64000 --xp 00075000 fd:04 82                             /apex/com.android.conscrypt/lib64/libcrypto.so
06-17 08:16:58.753 28908 28908 I libmodloader: Protecting memory: 0x7cc4dbd000 - 0x7cc4e64000 with perms: --xp to: +rx
06-17 08:16:58.753 28908 28908 D libmodloader: Line: 7cc4ea4000-7cc4ecb000 --xp 00019000 fd:04 83                             /apex/com.android.conscrypt/lib64/libjavacrypto.so
06-17 08:16:58.753 28908 28908 I libmodloader: Protecting memory: 0x7cc4ea4000 - 0x7cc4ecb000 with perms: --xp to: +rx
06-17 08:16:58.753 28908 28908 D libmodloader: Line: 7cc4f3c000-7cc4f6e000 --xp 0001d000 fd:04 84                             /apex/com.android.conscrypt/lib64/libssl.so
06-17 08:16:58.753 28908 28908 I libmodloader: Protecting memory: 0x7cc4f3c000 - 0x7cc4f6e000 with perms: --xp to: +rx
06-17 08:16:58.753 28908 28908 D libmodloader: Line: 7cc4f96000-7cc4f9c000 --xp 00005000 fd:04 3018                           /system/lib64/libsoundpool.so
06-17 08:16:58.753 28908 28908 I libmodloader: Protecting memory: 0x7cc4f96000 - 0x7cc4f9c000 with perms: --xp to: +rx
06-17 08:16:58.753 28908 28908 D libmodloader: Line: 7cc4ff6000-7cc4ff7000 --xp 00000000 fd:04 2741                           /system/lib64/libasyncio.so
06-17 08:16:58.753 28908 28908 I libmodloader: Protecting memory: 0x7cc4ff6000 - 0x7cc4ff7000 with perms: --xp to: +rx
06-17 08:16:58.753 28908 28908 D libmodloader: Line: 7cc5015000-7cc5037000 --xp 00014000 fd:04 2945                           /system/lib64/libmtp.so
06-17 08:16:58.753 28908 28908 I libmodloader: Protecting memory: 0x7cc5015000 - 0x7cc5037000 with perms: --xp to: +rx
06-17 08:16:58.753 28908 28908 D libmodloader: Line: 7cc5056000-7cc5067000 --xp 00012000 fd:04 2837                           /system/lib64/libexif.so
06-17 08:16:58.753 28908 28908 I libmodloader: Protecting memory: 0x7cc5056000 - 0x7cc5067000 with perms: --xp to: +rx
06-17 08:16:58.753 28908 28908 D libmodloader: Line: 7cc50b6000-7cc50f1000 --xp 00030000 fd:04 2926                           /system/lib64/libmedia_jni.so
06-17 08:16:58.753 28908 28908 I libmodloader: Protecting memory: 0x7cc50b6000 - 0x7cc50f1000 with perms: --xp to: +rx
06-17 08:16:58.753 28908 28908 D libmodloader: Line: 7ccffc7000-7cd0130000 --xp 0009d000 fd:04 333                            /apex/com.android.runtime/lib64/libvixl.so
06-17 08:16:58.753 28908 28908 I libmodloader: Protecting memory: 0x7ccffc7000 - 0x7cd0130000 with perms: --xp to: +rx
06-17 08:16:58.753 28908 28908 D libmodloader: Line: 7cd0206000-7cd03e3000 --xp 000b9000 fd:04 298                            /apex/com.android.runtime/lib64/libart-compiler.so
06-17 08:16:58.753 28908 28908 I libmodloader: Protecting memory: 0x7cd0206000 - 0x7cd03e3000 with perms: --xp to: +rx
06-17 08:16:58.753 28908 28908 D libmodloader: Line: 7cd0419000-7cd041e000 --xp 00003000 fd:04 327                            /apex/com.android.runtime/lib64/libopenjdkjvm.so
06-17 08:16:58.753 28908 28908 I libmodloader: Protecting memory: 0x7cd0419000 - 0x7cd041e000 with perms: --xp to: +rx
06-17 08:16:58.753 28908 28908 D libmodloader: Line: 7cd045d000-7cd0478000 --xp 00017000 fd:04 326                            /apex/com.android.runtime/lib64/libopenjdk.so
06-17 08:16:58.753 28908 28908 I libmodloader: Protecting memory: 0x7cd045d000 - 0x7cd0478000 with perms: --xp to: +rx
06-17 08:16:58.754 28908 28908 D libmodloader: Line: 7cd1be3000-7cd1be4000 --xp 00000000 fd:04 297                            /apex/com.android.runtime/lib64/libandroidio.so
06-17 08:16:58.754 28908 28908 I libmodloader: Protecting memory: 0x7cd1be3000 - 0x7cd1be4000 with perms: --xp to: +rx
06-17 08:16:58.754 28908 28908 D libmodloader: Line: 7cd1c41000-7cd1c6a000 --xp 00015000 fd:04 319                            /apex/com.android.runtime/lib64/libjavacore.so
06-17 08:16:58.754 28908 28908 I libmodloader: Protecting memory: 0x7cd1c41000 - 0x7cd1c6a000 with perms: --xp to: +rx
06-17 08:16:58.754 28908 28908 D libmodloader: Line: 7cd1d4e000-7cd1d65000 --xp 00004000 fd:04 2946                           /system/lib64/libmve.so
06-17 08:16:58.754 28908 28908 I libmodloader: Protecting memory: 0x7cd1d4e000 - 0x7cd1d65000 with perms: --xp to: +rx
06-17 08:16:58.754 28908 28908 D libmodloader: Line: 7cd1dba000-7cd1dbc000 --xp 00000000 fd:04 2892                           /system/lib64/libion.so
06-17 08:16:58.754 28908 28908 I libmodloader: Protecting memory: 0x7cd1dba000 - 0x7cd1dbc000 with perms: --xp to: +rx
06-17 08:16:58.754 28908 28908 D libmodloader: Line: 7cd1dd9000-7cd1e06000 --xp 00013000 fd:04 2815                           /system/lib64/libcvp2.so
06-17 08:16:58.754 28908 28908 I libmodloader: Protecting memory: 0x7cd1dd9000 - 0x7cd1e06000 with perms: --xp to: +rx
06-17 08:16:58.754 28908 28908 D libmodloader: Line: 7cd1e75000-7cd1e79000 --xp 00002000 fd:04 2816                           /system/lib64/libcvp2_hfi.so
06-17 08:16:58.754 28908 28908 I libmodloader: Protecting memory: 0x7cd1e75000 - 0x7cd1e79000 with perms: --xp to: +rx
06-17 08:16:58.754 28908 28908 D libmodloader: Line: 7cd1ea3000-7cd1ea5000 --xp 00002000 fd:04 2817                           /system/lib64/libcvp_common.so
06-17 08:16:58.754 28908 28908 I libmodloader: Protecting memory: 0x7cd1ea3000 - 0x7cd1ea5000 with perms: --xp to: +rx
06-17 08:16:58.754 28908 28908 D libmodloader: Line: 7cd2220000-7cd2222000 --xp 00001000 fd:04 3084                           /system/lib64/libwebviewchromium_plat_support.so
06-17 08:16:58.754 28908 28908 I libmodloader: Protecting memory: 0x7cd2220000 - 0x7cd2222000 with perms: --xp to: +rx
06-17 08:16:58.754 28908 28908 D libmodloader: Line: 7cd2254000-7cd225c000 --xp 00006000 fd:04 2719                           /system/lib64/libRS.so
06-17 08:16:58.754 28908 28908 I libmodloader: Protecting memory: 0x7cd2254000 - 0x7cd225c000 with perms: --xp to: +rx
06-17 08:16:58.754 28908 28908 D libmodloader: Line: 7cd22a7000-7cd22d2000 --xp 0001c000 fd:04 2662                           /system/lib64/android.hardware.renderscript@1.0.so
06-17 08:16:58.754 28908 28908 I libmodloader: Protecting memory: 0x7cd22a7000 - 0x7cd22d2000 with perms: --xp to: +rx
06-17 08:16:58.754 28908 28908 D libmodloader: Line: 7cd2322000-7cd2325000 --xp 00002000 fd:04 3066                           /system/lib64/libutilscallstack.so
06-17 08:16:58.754 28908 28908 I libmodloader: Protecting memory: 0x7cd2322000 - 0x7cd2325000 with perms: --xp to: +rx
06-17 08:16:58.754 28908 28908 D libmodloader: Line: 7cd2350000-7cd2351000 --xp 00001000 fd:04 2717                           /system/lib64/libOpenSLES.so
06-17 08:16:58.754 28908 28908 I libmodloader: Protecting memory: 0x7cd2350000 - 0x7cd2351000 with perms: --xp to: +rx
06-17 08:16:58.754 28908 28908 D libmodloader: Line: 7cd23ba000-7cd23bb000 --xp 00001000 fd:04 2716                           /system/lib64/libOpenMAXAL.so
06-17 08:16:58.754 28908 28908 I libmodloader: Protecting memory: 0x7cd23ba000 - 0x7cd23bb000 with perms: --xp to: +rx
06-17 08:16:58.754 28908 28908 D libmodloader: Line: 7cd23e1000-7cd23e4000 --xp 00000000 fd:04 3046                           /system/lib64/libtextclassifier_hash.so
06-17 08:16:58.754 28908 28908 I libmodloader: Protecting memory: 0x7cd23e1000 - 0x7cd23e4000 with perms: --xp to: +rx
06-17 08:16:58.754 28908 28908 D libmodloader: Line: 7cd241e000-7cd2436000 --xp 00014000 fd:04 2654                           /system/lib64/android.hardware.neuralnetworks@1.0.so
06-17 08:16:58.754 28908 28908 I libmodloader: Protecting memory: 0x7cd241e000 - 0x7cd2436000 with perms: --xp to: +rx
06-17 08:16:58.754 28908 28908 D libmodloader: Line: 7cd2488000-7cd24b4000 --xp 00027000 fd:04 2656                           /system/lib64/android.hardware.neuralnetworks@1.2.so
06-17 08:16:58.754 28908 28908 I libmodloader: Protecting memory: 0x7cd2488000 - 0x7cd24b4000 with perms: --xp to: +rx
06-17 08:16:58.754 28908 28908 D libmodloader: Line: 7cd24da000-7cd24e4000 --xp 0000a000 fd:04 2655                           /system/lib64/android.hardware.neuralnetworks@1.1.so
06-17 08:16:58.754 28908 28908 I libmodloader: Protecting memory: 0x7cd24da000 - 0x7cd24e4000 with perms: --xp to: +rx
06-17 08:16:58.754 28908 28908 D libmodloader: Line: 7cd250d000-7cd250e000 --xp 00000000 fd:04 2683                           /system/lib64/android.hidl.safe_union@1.0.so
06-17 08:16:58.754 28908 28908 I libmodloader: Protecting memory: 0x7cd250d000 - 0x7cd250e000 with perms: --xp to: +rx
06-17 08:16:58.754 28908 28908 D libmodloader: Line: 7cd256f000-7cd26de000 --xp 0002d000 fd:04 2959                           /system/lib64/libneuralnetworks.so
06-17 08:16:58.754 28908 28908 I libmodloader: Protecting memory: 0x7cd256f000 - 0x7cd26de000 with perms: --xp to: +rx
06-17 08:16:58.754 28908 28908 D libmodloader: Line: 7cd2a34000-7cd2a36000 --xp 00001000 fd:04 2853                           /system/lib64/libfmq.so
06-17 08:16:58.754 28908 28908 I libmodloader: Protecting memory: 0x7cd2a34000 - 0x7cd2a36000 with perms: --xp to: +rx
06-17 08:16:58.754 28908 28908 D libmodloader: Line: 7cd2a5b000-7cd2a5c000 --xp 00000000 fd:04 2897                           /system/lib64/libjnigraphics.so
06-17 08:16:58.754 28908 28908 I libmodloader: Protecting memory: 0x7cd2a5b000 - 0x7cd2a5c000 with perms: --xp to: +rx
06-17 08:16:58.755 28908 28908 D libmodloader: Line: 7cd2a90000-7cd2ab9000 --xp 0000d000 fd:04 2791                           /system/lib64/libcamera2ndk.so
06-17 08:16:58.755 28908 28908 I libmodloader: Protecting memory: 0x7cd2a90000 - 0x7cd2ab9000 with perms: --xp to: +rx
06-17 08:16:58.755 28908 28908 D libmodloader: Line: 7cd2ac8000-7cd2acf000 --xp 00007000 fd:04 2768                           /system/lib64/libbinder_ndk.so
